<!doctype html public "-//w3c//dtd html 4.0 transitional//en">
<html><head>
<title>Static Call Graph - [.\Output\Porject.axf]</title></head>
<body><HR>
<H1>Static Call Graph for image .\Output\Porject.axf</H1><HR>
<BR><P>#&#060CALLGRAPH&#062# ARM Linker, 4.1 [Build 894]: Last Updated: Wed Oct 18 21:17:45 2017
<BR><P>
<H3>Maximum Stack Usage =        168 bytes + Unknown(Cycles, Untraceable Function Pointers)</H3><H3>
Call chain for Maximum Stack Depth:</H3>
main &rArr; Read_Continue &rArr; Read_ADS2 &rArr; Read_ADS &rArr; GetTouchADCEx &rArr; GetTouchADC &rArr; SPI0_communication
<P>
<H3>
Mutually Recursive functions
</H3> <LI><a href="#[12]">ADC1_COMP_IRQHandler</a>&nbsp;&nbsp;&nbsp;&rArr;&nbsp;&nbsp;&nbsp;<a href="#[12]">ADC1_COMP_IRQHandler</a><BR>
</UL>
<P>
<H3>
Function Pointers
</H3><UL>
 <LI><a href="#[12]">ADC1_COMP_IRQHandler</a> from startup_stm32f0xx.o(.text) referenced from startup_stm32f0xx.o(RESET)
 <LI><a href="#[22]">CEC_IRQHandler</a> from startup_stm32f0xx.o(.text) referenced from startup_stm32f0xx.o(RESET)
 <LI><a href="#[f]">DMA1_Channel1_IRQHandler</a> from startup_stm32f0xx.o(.text) referenced from startup_stm32f0xx.o(RESET)
 <LI><a href="#[10]">DMA1_Channel2_3_IRQHandler</a> from startup_stm32f0xx.o(.text) referenced from startup_stm32f0xx.o(RESET)
 <LI><a href="#[11]">DMA1_Channel4_5_IRQHandler</a> from startup_stm32f0xx.o(.text) referenced from startup_stm32f0xx.o(RESET)
 <LI><a href="#[b]">EXTI0_1_IRQHandler</a> from startup_stm32f0xx.o(.text) referenced from startup_stm32f0xx.o(RESET)
 <LI><a href="#[c]">EXTI2_3_IRQHandler</a> from startup_stm32f0xx.o(.text) referenced from startup_stm32f0xx.o(RESET)
 <LI><a href="#[d]">EXTI4_15_IRQHandler</a> from startup_stm32f0xx.o(.text) referenced from startup_stm32f0xx.o(RESET)
 <LI><a href="#[9]">FLASH_IRQHandler</a> from startup_stm32f0xx.o(.text) referenced from startup_stm32f0xx.o(RESET)
 <LI><a href="#[2]">HardFault_Handler</a> from stm32f0xx_it.o(.text) referenced from startup_stm32f0xx.o(RESET)
 <LI><a href="#[1c]">I2C1_IRQHandler</a> from startup_stm32f0xx.o(.text) referenced from startup_stm32f0xx.o(RESET)
 <LI><a href="#[1d]">I2C2_IRQHandler</a> from startup_stm32f0xx.o(.text) referenced from startup_stm32f0xx.o(RESET)
 <LI><a href="#[1]">NMI_Handler</a> from stm32f0xx_it.o(.text) referenced from startup_stm32f0xx.o(RESET)
 <LI><a href="#[7]">PVD_IRQHandler</a> from startup_stm32f0xx.o(.text) referenced from startup_stm32f0xx.o(RESET)
 <LI><a href="#[4]">PendSV_Handler</a> from stm32f0xx_it.o(.text) referenced from startup_stm32f0xx.o(RESET)
 <LI><a href="#[a]">RCC_IRQHandler</a> from startup_stm32f0xx.o(.text) referenced from startup_stm32f0xx.o(RESET)
 <LI><a href="#[8]">RTC_IRQHandler</a> from startup_stm32f0xx.o(.text) referenced from startup_stm32f0xx.o(RESET)
 <LI><a href="#[0]">Reset_Handler</a> from startup_stm32f0xx.o(.text) referenced from startup_stm32f0xx.o(RESET)
 <LI><a href="#[1e]">SPI1_IRQHandler</a> from startup_stm32f0xx.o(.text) referenced from startup_stm32f0xx.o(RESET)
 <LI><a href="#[1f]">SPI2_IRQHandler</a> from startup_stm32f0xx.o(.text) referenced from startup_stm32f0xx.o(RESET)
 <LI><a href="#[3]">SVC_Handler</a> from stm32f0xx_it.o(.text) referenced from startup_stm32f0xx.o(RESET)
 <LI><a href="#[5]">SysTick_Handler</a> from stm32f0xx_it.o(.text) referenced from startup_stm32f0xx.o(RESET)
 <LI><a href="#[24]">SystemInit</a> from system_stm32f0xx.o(.text) referenced from startup_stm32f0xx.o(.text)
 <LI><a href="#[18]">TIM14_IRQHandler</a> from startup_stm32f0xx.o(.text) referenced from startup_stm32f0xx.o(RESET)
 <LI><a href="#[19]">TIM15_IRQHandler</a> from startup_stm32f0xx.o(.text) referenced from startup_stm32f0xx.o(RESET)
 <LI><a href="#[1a]">TIM16_IRQHandler</a> from startup_stm32f0xx.o(.text) referenced from startup_stm32f0xx.o(RESET)
 <LI><a href="#[1b]">TIM17_IRQHandler</a> from startup_stm32f0xx.o(.text) referenced from startup_stm32f0xx.o(RESET)
 <LI><a href="#[13]">TIM1_BRK_UP_TRG_COM_IRQHandler</a> from startup_stm32f0xx.o(.text) referenced from startup_stm32f0xx.o(RESET)
 <LI><a href="#[14]">TIM1_CC_IRQHandler</a> from startup_stm32f0xx.o(.text) referenced from startup_stm32f0xx.o(RESET)
 <LI><a href="#[15]">TIM2_IRQHandler</a> from startup_stm32f0xx.o(.text) referenced from startup_stm32f0xx.o(RESET)
 <LI><a href="#[16]">TIM3_IRQHandler</a> from startup_stm32f0xx.o(.text) referenced from startup_stm32f0xx.o(RESET)
 <LI><a href="#[17]">TIM6_DAC_IRQHandler</a> from startup_stm32f0xx.o(.text) referenced from startup_stm32f0xx.o(RESET)
 <LI><a href="#[e]">TS_IRQHandler</a> from startup_stm32f0xx.o(.text) referenced from startup_stm32f0xx.o(RESET)
 <LI><a href="#[20]">USART1_IRQHandler</a> from startup_stm32f0xx.o(.text) referenced from startup_stm32f0xx.o(RESET)
 <LI><a href="#[21]">USART2_IRQHandler</a> from startup_stm32f0xx.o(.text) referenced from startup_stm32f0xx.o(RESET)
 <LI><a href="#[6]">WWDG_IRQHandler</a> from startup_stm32f0xx.o(.text) referenced from startup_stm32f0xx.o(RESET)
 <LI><a href="#[25]">__main</a> from entry.o(.ARM.Collect$$$$00000000) referenced from startup_stm32f0xx.o(.text)
 <LI><a href="#[23]">main</a> from main.o(.text) referenced from entry8.o(.ARM.Collect$$$$00000009)
</UL>
<P>
<H3>
Global Symbols
</H3>
<P><STRONG><a name="[25]"></a>__main</STRONG> (Thumb, 0 bytes, Stack size unknown bytes, entry.o(.ARM.Collect$$$$00000000))
<BR>[Address Reference Count : 1]<UL><LI> startup_stm32f0xx.o(.text)
</UL>
<P><STRONG><a name="[6a]"></a>_main_stk</STRONG> (Thumb, 0 bytes, Stack size unknown bytes, entry2.o(.ARM.Collect$$$$00000001))

<P><STRONG><a name="[26]"></a>_main_scatterload</STRONG> (Thumb, 0 bytes, Stack size unknown bytes, entry5.o(.ARM.Collect$$$$00000004))
<BR><BR>[Calls]<UL><LI><a href="#[27]">&gt;&gt;</a>&nbsp;&nbsp;&nbsp;__scatterload
</UL>

<P><STRONG><a name="[69]"></a>__main_after_scatterload</STRONG> (Thumb, 0 bytes, Stack size unknown bytes, entry5.o(.ARM.Collect$$$$00000004))
<BR><BR>[Called By]<UL><LI><a href="#[27]">&gt;&gt;</a>&nbsp;&nbsp;&nbsp;__scatterload
</UL>

<P><STRONG><a name="[6b]"></a>_main_clock</STRONG> (Thumb, 0 bytes, Stack size unknown bytes, entry7b.o(.ARM.Collect$$$$00000008))

<P><STRONG><a name="[6c]"></a>_main_init</STRONG> (Thumb, 0 bytes, Stack size unknown bytes, entry8.o(.ARM.Collect$$$$00000009))

<P><STRONG><a name="[23]"></a>main</STRONG> (Thumb, 442 bytes, Stack size 8 bytes, main.o(.text))
<BR><BR>[Stack]<UL><LI>Max Depth = 168<LI>Call Chain = main &rArr; Read_Continue &rArr; Read_ADS2 &rArr; Read_ADS &rArr; GetTouchADCEx &rArr; GetTouchADC &rArr; SPI0_communication
</UL>
<BR>[Calls]<UL><LI><a href="#[28]">&gt;&gt;</a>&nbsp;&nbsp;&nbsp;lcd_init
<LI><a href="#[2f]">&gt;&gt;</a>&nbsp;&nbsp;&nbsp;lcd_draw_dot
<LI><a href="#[2a]">&gt;&gt;</a>&nbsp;&nbsp;&nbsp;lcd_display_string
<LI><a href="#[2d]">&gt;&gt;</a>&nbsp;&nbsp;&nbsp;lcd_display_image
<LI><a href="#[2b]">&gt;&gt;</a>&nbsp;&nbsp;&nbsp;lcd_display_GB2312
<LI><a href="#[2c]">&gt;&gt;</a>&nbsp;&nbsp;&nbsp;lcd_display_32x29
<LI><a href="#[29]">&gt;&gt;</a>&nbsp;&nbsp;&nbsp;TOUCH_init
<LI><a href="#[2e]">&gt;&gt;</a>&nbsp;&nbsp;&nbsp;Read_Continue
</UL>
<BR>[Address Reference Count : 1]<UL><LI> entry8.o(.ARM.Collect$$$$00000009)
</UL>
<P><STRONG><a name="[1]"></a>NMI_Handler</STRONG> (Thumb, 2 bytes, Stack size 0 bytes, stm32f0xx_it.o(.text))
<BR>[Address Reference Count : 1]<UL><LI> startup_stm32f0xx.o(RESET)
</UL>
<P><STRONG><a name="[2]"></a>HardFault_Handler</STRONG> (Thumb, 4 bytes, Stack size 0 bytes, stm32f0xx_it.o(.text))
<BR>[Address Reference Count : 1]<UL><LI> startup_stm32f0xx.o(RESET)
</UL>
<P><STRONG><a name="[3]"></a>SVC_Handler</STRONG> (Thumb, 2 bytes, Stack size 0 bytes, stm32f0xx_it.o(.text))
<BR>[Address Reference Count : 1]<UL><LI> startup_stm32f0xx.o(RESET)
</UL>
<P><STRONG><a name="[4]"></a>PendSV_Handler</STRONG> (Thumb, 2 bytes, Stack size 0 bytes, stm32f0xx_it.o(.text))
<BR>[Address Reference Count : 1]<UL><LI> startup_stm32f0xx.o(RESET)
</UL>
<P><STRONG><a name="[5]"></a>SysTick_Handler</STRONG> (Thumb, 8 bytes, Stack size 8 bytes, stm32f0xx_it.o(.text))
<BR><BR>[Stack]<UL><LI>Max Depth = 8<LI>Call Chain = SysTick_Handler
</UL>
<BR>[Calls]<UL><LI><a href="#[30]">&gt;&gt;</a>&nbsp;&nbsp;&nbsp;TimingDelay_Decrement
</UL>
<BR>[Address Reference Count : 1]<UL><LI> startup_stm32f0xx.o(RESET)
</UL>
<P><STRONG><a name="[31]"></a>SPI0_Init</STRONG> (Thumb, 146 bytes, Stack size 32 bytes, ltm022a69b.o(.text))
<BR><BR>[Stack]<UL><LI>Max Depth = 52<LI>Call Chain = SPI0_Init &rArr; GPIO_PinAFConfig
</UL>
<BR>[Calls]<UL><LI><a href="#[37]">&gt;&gt;</a>&nbsp;&nbsp;&nbsp;SPI_RxFIFOThresholdConfig
<LI><a href="#[36]">&gt;&gt;</a>&nbsp;&nbsp;&nbsp;SPI_Init
<LI><a href="#[38]">&gt;&gt;</a>&nbsp;&nbsp;&nbsp;SPI_Cmd
<LI><a href="#[33]">&gt;&gt;</a>&nbsp;&nbsp;&nbsp;RCC_APB1PeriphClockCmd
<LI><a href="#[32]">&gt;&gt;</a>&nbsp;&nbsp;&nbsp;RCC_AHBPeriphClockCmd
<LI><a href="#[34]">&gt;&gt;</a>&nbsp;&nbsp;&nbsp;GPIO_PinAFConfig
<LI><a href="#[35]">&gt;&gt;</a>&nbsp;&nbsp;&nbsp;GPIO_Init
</UL>
<BR>[Called By]<UL><LI><a href="#[28]">&gt;&gt;</a>&nbsp;&nbsp;&nbsp;lcd_init
</UL>

<P><STRONG><a name="[39]"></a>SPI0_communication</STRONG> (Thumb, 48 bytes, Stack size 8 bytes, ltm022a69b.o(.text))
<BR><BR>[Stack]<UL><LI>Max Depth = 8<LI>Call Chain = SPI0_communication
</UL>
<BR>[Calls]<UL><LI><a href="#[3b]">&gt;&gt;</a>&nbsp;&nbsp;&nbsp;SPI_SendData8
<LI><a href="#[3c]">&gt;&gt;</a>&nbsp;&nbsp;&nbsp;SPI_ReceiveData8
<LI><a href="#[3a]">&gt;&gt;</a>&nbsp;&nbsp;&nbsp;SPI_I2S_GetFlagStatus
</UL>
<BR>[Called By]<UL><LI><a href="#[57]">&gt;&gt;</a>&nbsp;&nbsp;&nbsp;GetTouchADC
<LI><a href="#[56]">&gt;&gt;</a>&nbsp;&nbsp;&nbsp;TOUCH_WRITE_DATA
<LI><a href="#[55]">&gt;&gt;</a>&nbsp;&nbsp;&nbsp;TOUCH_WRITE_COMMAND
<LI><a href="#[54]">&gt;&gt;</a>&nbsp;&nbsp;&nbsp;TOUCH_WRITE_REG
<LI><a href="#[42]">&gt;&gt;</a>&nbsp;&nbsp;&nbsp;LCD_WRITE_DATA
<LI><a href="#[41]">&gt;&gt;</a>&nbsp;&nbsp;&nbsp;LCD_WRITE_COMMAND
<LI><a href="#[40]">&gt;&gt;</a>&nbsp;&nbsp;&nbsp;LCD_SEND_COMMAND
<LI><a href="#[3d]">&gt;&gt;</a>&nbsp;&nbsp;&nbsp;LCD_WRITE_REG
</UL>

<P><STRONG><a name="[3d]"></a>LCD_WRITE_REG</STRONG> (Thumb, 66 bytes, Stack size 16 bytes, ltm022a69b.o(.text))
<BR><BR>[Stack]<UL><LI>Max Depth = 24<LI>Call Chain = LCD_WRITE_REG &rArr; SPI0_communication
</UL>
<BR>[Calls]<UL><LI><a href="#[3f]">&gt;&gt;</a>&nbsp;&nbsp;&nbsp;GPIO_SetBits
<LI><a href="#[3e]">&gt;&gt;</a>&nbsp;&nbsp;&nbsp;GPIO_ResetBits
<LI><a href="#[39]">&gt;&gt;</a>&nbsp;&nbsp;&nbsp;SPI0_communication
</UL>
<BR>[Called By]<UL><LI><a href="#[49]">&gt;&gt;</a>&nbsp;&nbsp;&nbsp;lcd_display_test
<LI><a href="#[48]">&gt;&gt;</a>&nbsp;&nbsp;&nbsp;lcd_display_char
<LI><a href="#[46]">&gt;&gt;</a>&nbsp;&nbsp;&nbsp;lcd_clear_area
<LI><a href="#[44]">&gt;&gt;</a>&nbsp;&nbsp;&nbsp;lcd_clear_screen
<LI><a href="#[2f]">&gt;&gt;</a>&nbsp;&nbsp;&nbsp;lcd_draw_dot
<LI><a href="#[2d]">&gt;&gt;</a>&nbsp;&nbsp;&nbsp;lcd_display_image
<LI><a href="#[2b]">&gt;&gt;</a>&nbsp;&nbsp;&nbsp;lcd_display_GB2312
<LI><a href="#[2c]">&gt;&gt;</a>&nbsp;&nbsp;&nbsp;lcd_display_32x29
</UL>

<P><STRONG><a name="[40]"></a>LCD_SEND_COMMAND</STRONG> (Thumb, 96 bytes, Stack size 16 bytes, ltm022a69b.o(.text))
<BR><BR>[Stack]<UL><LI>Max Depth = 24<LI>Call Chain = LCD_SEND_COMMAND &rArr; SPI0_communication
</UL>
<BR>[Calls]<UL><LI><a href="#[3f]">&gt;&gt;</a>&nbsp;&nbsp;&nbsp;GPIO_SetBits
<LI><a href="#[3e]">&gt;&gt;</a>&nbsp;&nbsp;&nbsp;GPIO_ResetBits
<LI><a href="#[39]">&gt;&gt;</a>&nbsp;&nbsp;&nbsp;SPI0_communication
</UL>
<BR>[Called By]<UL><LI><a href="#[2f]">&gt;&gt;</a>&nbsp;&nbsp;&nbsp;lcd_draw_dot
</UL>

<P><STRONG><a name="[41]"></a>LCD_WRITE_COMMAND</STRONG> (Thumb, 96 bytes, Stack size 16 bytes, ltm022a69b.o(.text))
<BR><BR>[Stack]<UL><LI>Max Depth = 24<LI>Call Chain = LCD_WRITE_COMMAND &rArr; SPI0_communication
</UL>
<BR>[Calls]<UL><LI><a href="#[3f]">&gt;&gt;</a>&nbsp;&nbsp;&nbsp;GPIO_SetBits
<LI><a href="#[3e]">&gt;&gt;</a>&nbsp;&nbsp;&nbsp;GPIO_ResetBits
<LI><a href="#[39]">&gt;&gt;</a>&nbsp;&nbsp;&nbsp;SPI0_communication
</UL>
<BR>[Called By]<UL><LI><a href="#[49]">&gt;&gt;</a>&nbsp;&nbsp;&nbsp;lcd_display_test
<LI><a href="#[48]">&gt;&gt;</a>&nbsp;&nbsp;&nbsp;lcd_display_char
<LI><a href="#[47]">&gt;&gt;</a>&nbsp;&nbsp;&nbsp;lcd_set_cursor
<LI><a href="#[46]">&gt;&gt;</a>&nbsp;&nbsp;&nbsp;lcd_clear_area
<LI><a href="#[44]">&gt;&gt;</a>&nbsp;&nbsp;&nbsp;lcd_clear_screen
<LI><a href="#[28]">&gt;&gt;</a>&nbsp;&nbsp;&nbsp;lcd_init
<LI><a href="#[2f]">&gt;&gt;</a>&nbsp;&nbsp;&nbsp;lcd_draw_dot
<LI><a href="#[2d]">&gt;&gt;</a>&nbsp;&nbsp;&nbsp;lcd_display_image
<LI><a href="#[2b]">&gt;&gt;</a>&nbsp;&nbsp;&nbsp;lcd_display_GB2312
<LI><a href="#[2c]">&gt;&gt;</a>&nbsp;&nbsp;&nbsp;lcd_display_32x29
</UL>

<P><STRONG><a name="[42]"></a>LCD_WRITE_DATA</STRONG> (Thumb, 20 bytes, Stack size 8 bytes, ltm022a69b.o(.text))
<BR><BR>[Stack]<UL><LI>Max Depth = 16<LI>Call Chain = LCD_WRITE_DATA &rArr; SPI0_communication
</UL>
<BR>[Calls]<UL><LI><a href="#[39]">&gt;&gt;</a>&nbsp;&nbsp;&nbsp;SPI0_communication
</UL>
<BR>[Called By]<UL><LI><a href="#[49]">&gt;&gt;</a>&nbsp;&nbsp;&nbsp;lcd_display_test
<LI><a href="#[48]">&gt;&gt;</a>&nbsp;&nbsp;&nbsp;lcd_display_char
<LI><a href="#[46]">&gt;&gt;</a>&nbsp;&nbsp;&nbsp;lcd_clear_area
<LI><a href="#[44]">&gt;&gt;</a>&nbsp;&nbsp;&nbsp;lcd_clear_screen
<LI><a href="#[2f]">&gt;&gt;</a>&nbsp;&nbsp;&nbsp;lcd_draw_dot
<LI><a href="#[2d]">&gt;&gt;</a>&nbsp;&nbsp;&nbsp;lcd_display_image
<LI><a href="#[2b]">&gt;&gt;</a>&nbsp;&nbsp;&nbsp;lcd_display_GB2312
<LI><a href="#[2c]">&gt;&gt;</a>&nbsp;&nbsp;&nbsp;lcd_display_32x29
</UL>

<P><STRONG><a name="[43]"></a>lcd_ctrl_port_init</STRONG> (Thumb, 56 bytes, Stack size 16 bytes, ltm022a69b.o(.text))
<BR><BR>[Stack]<UL><LI>Max Depth = 36<LI>Call Chain = lcd_ctrl_port_init &rArr; GPIO_Init
</UL>
<BR>[Calls]<UL><LI><a href="#[3e]">&gt;&gt;</a>&nbsp;&nbsp;&nbsp;GPIO_ResetBits
<LI><a href="#[32]">&gt;&gt;</a>&nbsp;&nbsp;&nbsp;RCC_AHBPeriphClockCmd
<LI><a href="#[35]">&gt;&gt;</a>&nbsp;&nbsp;&nbsp;GPIO_Init
</UL>
<BR>[Called By]<UL><LI><a href="#[28]">&gt;&gt;</a>&nbsp;&nbsp;&nbsp;lcd_init
</UL>

<P><STRONG><a name="[44]"></a>lcd_clear_screen</STRONG> (Thumb, 144 bytes, Stack size 16 bytes, ltm022a69b.o(.text))
<BR><BR>[Stack]<UL><LI>Max Depth = 40<LI>Call Chain = lcd_clear_screen &rArr; LCD_WRITE_COMMAND &rArr; SPI0_communication
</UL>
<BR>[Calls]<UL><LI><a href="#[3f]">&gt;&gt;</a>&nbsp;&nbsp;&nbsp;GPIO_SetBits
<LI><a href="#[3e]">&gt;&gt;</a>&nbsp;&nbsp;&nbsp;GPIO_ResetBits
<LI><a href="#[42]">&gt;&gt;</a>&nbsp;&nbsp;&nbsp;LCD_WRITE_DATA
<LI><a href="#[41]">&gt;&gt;</a>&nbsp;&nbsp;&nbsp;LCD_WRITE_COMMAND
<LI><a href="#[3d]">&gt;&gt;</a>&nbsp;&nbsp;&nbsp;LCD_WRITE_REG
</UL>
<BR>[Called By]<UL><LI><a href="#[49]">&gt;&gt;</a>&nbsp;&nbsp;&nbsp;lcd_display_test
<LI><a href="#[28]">&gt;&gt;</a>&nbsp;&nbsp;&nbsp;lcd_init
</UL>

<P><STRONG><a name="[28]"></a>lcd_init</STRONG> (Thumb, 620 bytes, Stack size 8 bytes, ltm022a69b.o(.text))
<BR><BR>[Stack]<UL><LI>Max Depth = 60<LI>Call Chain = lcd_init &rArr; SPI0_Init &rArr; GPIO_PinAFConfig
</UL>
<BR>[Calls]<UL><LI><a href="#[45]">&gt;&gt;</a>&nbsp;&nbsp;&nbsp;delay_10us
<LI><a href="#[3f]">&gt;&gt;</a>&nbsp;&nbsp;&nbsp;GPIO_SetBits
<LI><a href="#[3e]">&gt;&gt;</a>&nbsp;&nbsp;&nbsp;GPIO_ResetBits
<LI><a href="#[44]">&gt;&gt;</a>&nbsp;&nbsp;&nbsp;lcd_clear_screen
<LI><a href="#[43]">&gt;&gt;</a>&nbsp;&nbsp;&nbsp;lcd_ctrl_port_init
<LI><a href="#[41]">&gt;&gt;</a>&nbsp;&nbsp;&nbsp;LCD_WRITE_COMMAND
<LI><a href="#[31]">&gt;&gt;</a>&nbsp;&nbsp;&nbsp;SPI0_Init
</UL>
<BR>[Called By]<UL><LI><a href="#[23]">&gt;&gt;</a>&nbsp;&nbsp;&nbsp;main
</UL>

<P><STRONG><a name="[46]"></a>lcd_clear_area</STRONG> (Thumb, 128 bytes, Stack size 48 bytes, ltm022a69b.o(.text), UNUSED)
<BR><BR>[Calls]<UL><LI><a href="#[42]">&gt;&gt;</a>&nbsp;&nbsp;&nbsp;LCD_WRITE_DATA
<LI><a href="#[41]">&gt;&gt;</a>&nbsp;&nbsp;&nbsp;LCD_WRITE_COMMAND
<LI><a href="#[3d]">&gt;&gt;</a>&nbsp;&nbsp;&nbsp;LCD_WRITE_REG
</UL>

<P><STRONG><a name="[47]"></a>lcd_set_cursor</STRONG> (Thumb, 42 bytes, Stack size 16 bytes, ltm022a69b.o(.text), UNUSED)
<BR><BR>[Calls]<UL><LI><a href="#[41]">&gt;&gt;</a>&nbsp;&nbsp;&nbsp;LCD_WRITE_COMMAND
</UL>

<P><STRONG><a name="[48]"></a>lcd_display_char</STRONG> (Thumb, 192 bytes, Stack size 48 bytes, ltm022a69b.o(.text))
<BR><BR>[Stack]<UL><LI>Max Depth = 72<LI>Call Chain = lcd_display_char &rArr; LCD_WRITE_COMMAND &rArr; SPI0_communication
</UL>
<BR>[Calls]<UL><LI><a href="#[3f]">&gt;&gt;</a>&nbsp;&nbsp;&nbsp;GPIO_SetBits
<LI><a href="#[3e]">&gt;&gt;</a>&nbsp;&nbsp;&nbsp;GPIO_ResetBits
<LI><a href="#[42]">&gt;&gt;</a>&nbsp;&nbsp;&nbsp;LCD_WRITE_DATA
<LI><a href="#[41]">&gt;&gt;</a>&nbsp;&nbsp;&nbsp;LCD_WRITE_COMMAND
<LI><a href="#[3d]">&gt;&gt;</a>&nbsp;&nbsp;&nbsp;LCD_WRITE_REG
</UL>
<BR>[Called By]<UL><LI><a href="#[4d]">&gt;&gt;</a>&nbsp;&nbsp;&nbsp;lcd_display_number
<LI><a href="#[2a]">&gt;&gt;</a>&nbsp;&nbsp;&nbsp;lcd_display_string
</UL>

<P><STRONG><a name="[2a]"></a>lcd_display_string</STRONG> (Thumb, 64 bytes, Stack size 40 bytes, ltm022a69b.o(.text))
<BR><BR>[Stack]<UL><LI>Max Depth = 112<LI>Call Chain = lcd_display_string &rArr; lcd_display_char &rArr; LCD_WRITE_COMMAND &rArr; SPI0_communication
</UL>
<BR>[Calls]<UL><LI><a href="#[48]">&gt;&gt;</a>&nbsp;&nbsp;&nbsp;lcd_display_char
</UL>
<BR>[Called By]<UL><LI><a href="#[23]">&gt;&gt;</a>&nbsp;&nbsp;&nbsp;main
</UL>

<P><STRONG><a name="[2b]"></a>lcd_display_GB2312</STRONG> (Thumb, 190 bytes, Stack size 48 bytes, ltm022a69b.o(.text))
<BR><BR>[Stack]<UL><LI>Max Depth = 72<LI>Call Chain = lcd_display_GB2312 &rArr; LCD_WRITE_COMMAND &rArr; SPI0_communication
</UL>
<BR>[Calls]<UL><LI><a href="#[3f]">&gt;&gt;</a>&nbsp;&nbsp;&nbsp;GPIO_SetBits
<LI><a href="#[3e]">&gt;&gt;</a>&nbsp;&nbsp;&nbsp;GPIO_ResetBits
<LI><a href="#[42]">&gt;&gt;</a>&nbsp;&nbsp;&nbsp;LCD_WRITE_DATA
<LI><a href="#[41]">&gt;&gt;</a>&nbsp;&nbsp;&nbsp;LCD_WRITE_COMMAND
<LI><a href="#[3d]">&gt;&gt;</a>&nbsp;&nbsp;&nbsp;LCD_WRITE_REG
</UL>
<BR>[Called By]<UL><LI><a href="#[23]">&gt;&gt;</a>&nbsp;&nbsp;&nbsp;main
</UL>

<P><STRONG><a name="[2c]"></a>lcd_display_32x29</STRONG> (Thumb, 262 bytes, Stack size 48 bytes, ltm022a69b.o(.text))
<BR><BR>[Stack]<UL><LI>Max Depth = 72<LI>Call Chain = lcd_display_32x29 &rArr; LCD_WRITE_COMMAND &rArr; SPI0_communication
</UL>
<BR>[Calls]<UL><LI><a href="#[3f]">&gt;&gt;</a>&nbsp;&nbsp;&nbsp;GPIO_SetBits
<LI><a href="#[3e]">&gt;&gt;</a>&nbsp;&nbsp;&nbsp;GPIO_ResetBits
<LI><a href="#[42]">&gt;&gt;</a>&nbsp;&nbsp;&nbsp;LCD_WRITE_DATA
<LI><a href="#[41]">&gt;&gt;</a>&nbsp;&nbsp;&nbsp;LCD_WRITE_COMMAND
<LI><a href="#[3d]">&gt;&gt;</a>&nbsp;&nbsp;&nbsp;LCD_WRITE_REG
</UL>
<BR>[Called By]<UL><LI><a href="#[23]">&gt;&gt;</a>&nbsp;&nbsp;&nbsp;main
</UL>

<P><STRONG><a name="[2d]"></a>lcd_display_image</STRONG> (Thumb, 172 bytes, Stack size 48 bytes, ltm022a69b.o(.text))
<BR><BR>[Stack]<UL><LI>Max Depth = 72<LI>Call Chain = lcd_display_image &rArr; LCD_WRITE_COMMAND &rArr; SPI0_communication
</UL>
<BR>[Calls]<UL><LI><a href="#[3f]">&gt;&gt;</a>&nbsp;&nbsp;&nbsp;GPIO_SetBits
<LI><a href="#[3e]">&gt;&gt;</a>&nbsp;&nbsp;&nbsp;GPIO_ResetBits
<LI><a href="#[42]">&gt;&gt;</a>&nbsp;&nbsp;&nbsp;LCD_WRITE_DATA
<LI><a href="#[41]">&gt;&gt;</a>&nbsp;&nbsp;&nbsp;LCD_WRITE_COMMAND
<LI><a href="#[3d]">&gt;&gt;</a>&nbsp;&nbsp;&nbsp;LCD_WRITE_REG
</UL>
<BR>[Called By]<UL><LI><a href="#[23]">&gt;&gt;</a>&nbsp;&nbsp;&nbsp;main
</UL>

<P><STRONG><a name="[49]"></a>lcd_display_test</STRONG> (Thumb, 366 bytes, Stack size 24 bytes, ltm022a69b.o(.text), UNUSED)
<BR><BR>[Calls]<UL><LI><a href="#[45]">&gt;&gt;</a>&nbsp;&nbsp;&nbsp;delay_10us
<LI><a href="#[3f]">&gt;&gt;</a>&nbsp;&nbsp;&nbsp;GPIO_SetBits
<LI><a href="#[3e]">&gt;&gt;</a>&nbsp;&nbsp;&nbsp;GPIO_ResetBits
<LI><a href="#[44]">&gt;&gt;</a>&nbsp;&nbsp;&nbsp;lcd_clear_screen
<LI><a href="#[42]">&gt;&gt;</a>&nbsp;&nbsp;&nbsp;LCD_WRITE_DATA
<LI><a href="#[41]">&gt;&gt;</a>&nbsp;&nbsp;&nbsp;LCD_WRITE_COMMAND
<LI><a href="#[3d]">&gt;&gt;</a>&nbsp;&nbsp;&nbsp;LCD_WRITE_REG
</UL>

<P><STRONG><a name="[4c]"></a>Swap</STRONG> (Thumb, 10 bytes, Stack size 0 bytes, ltm022a69b.o(.text), UNUSED)
<BR><BR>[Called By]<UL><LI><a href="#[4b]">&gt;&gt;</a>&nbsp;&nbsp;&nbsp;lcd_draw_line
</UL>

<P><STRONG><a name="[2f]"></a>lcd_draw_dot</STRONG> (Thumb, 112 bytes, Stack size 16 bytes, ltm022a69b.o(.text))
<BR><BR>[Stack]<UL><LI>Max Depth = 40<LI>Call Chain = lcd_draw_dot &rArr; LCD_WRITE_COMMAND &rArr; SPI0_communication
</UL>
<BR>[Calls]<UL><LI><a href="#[3f]">&gt;&gt;</a>&nbsp;&nbsp;&nbsp;GPIO_SetBits
<LI><a href="#[3e]">&gt;&gt;</a>&nbsp;&nbsp;&nbsp;GPIO_ResetBits
<LI><a href="#[42]">&gt;&gt;</a>&nbsp;&nbsp;&nbsp;LCD_WRITE_DATA
<LI><a href="#[41]">&gt;&gt;</a>&nbsp;&nbsp;&nbsp;LCD_WRITE_COMMAND
<LI><a href="#[40]">&gt;&gt;</a>&nbsp;&nbsp;&nbsp;LCD_SEND_COMMAND
<LI><a href="#[3d]">&gt;&gt;</a>&nbsp;&nbsp;&nbsp;LCD_WRITE_REG
</UL>
<BR>[Called By]<UL><LI><a href="#[4b]">&gt;&gt;</a>&nbsp;&nbsp;&nbsp;lcd_draw_line
<LI><a href="#[4a]">&gt;&gt;</a>&nbsp;&nbsp;&nbsp;lcd_draw_bigdot
<LI><a href="#[23]">&gt;&gt;</a>&nbsp;&nbsp;&nbsp;main
</UL>

<P><STRONG><a name="[4a]"></a>lcd_draw_bigdot</STRONG> (Thumb, 112 bytes, Stack size 16 bytes, ltm022a69b.o(.text), UNUSED)
<BR><BR>[Calls]<UL><LI><a href="#[2f]">&gt;&gt;</a>&nbsp;&nbsp;&nbsp;lcd_draw_dot
</UL>

<P><STRONG><a name="[4b]"></a>lcd_draw_line</STRONG> (Thumb, 226 bytes, Stack size 64 bytes, ltm022a69b.o(.text), UNUSED)
<BR><BR>[Calls]<UL><LI><a href="#[4c]">&gt;&gt;</a>&nbsp;&nbsp;&nbsp;Swap
<LI><a href="#[2f]">&gt;&gt;</a>&nbsp;&nbsp;&nbsp;lcd_draw_dot
</UL>

<P><STRONG><a name="[4e]"></a>mypow</STRONG> (Thumb, 26 bytes, Stack size 8 bytes, ltm022a69b.o(.text), UNUSED)
<BR><BR>[Called By]<UL><LI><a href="#[4d]">&gt;&gt;</a>&nbsp;&nbsp;&nbsp;lcd_display_number
</UL>

<P><STRONG><a name="[4d]"></a>lcd_display_number</STRONG> (Thumb, 128 bytes, Stack size 48 bytes, ltm022a69b.o(.text), UNUSED)
<BR><BR>[Calls]<UL><LI><a href="#[4e]">&gt;&gt;</a>&nbsp;&nbsp;&nbsp;mypow
<LI><a href="#[48]">&gt;&gt;</a>&nbsp;&nbsp;&nbsp;lcd_display_char
<LI><a href="#[4f]">&gt;&gt;</a>&nbsp;&nbsp;&nbsp;__aeabi_uidivmod
</UL>

<P><STRONG><a name="[52]"></a>delay_1ms</STRONG> (Thumb, 34 bytes, Stack size 8 bytes, user_systick.o(.text), UNUSED)
<BR><BR>[Calls]<UL><LI><a href="#[53]">&gt;&gt;</a>&nbsp;&nbsp;&nbsp;SysTick_CLKSourceConfig
<LI><a href="#[50]">&gt;&gt;</a>&nbsp;&nbsp;&nbsp;SysTick_Config
</UL>

<P><STRONG><a name="[45]"></a>delay_10us</STRONG> (Thumb, 34 bytes, Stack size 8 bytes, user_systick.o(.text))
<BR><BR>[Stack]<UL><LI>Max Depth = 24<LI>Call Chain = delay_10us &rArr; SysTick_Config &rArr; NVIC_SetPriority
</UL>
<BR>[Calls]<UL><LI><a href="#[53]">&gt;&gt;</a>&nbsp;&nbsp;&nbsp;SysTick_CLKSourceConfig
<LI><a href="#[50]">&gt;&gt;</a>&nbsp;&nbsp;&nbsp;SysTick_Config
</UL>
<BR>[Called By]<UL><LI><a href="#[49]">&gt;&gt;</a>&nbsp;&nbsp;&nbsp;lcd_display_test
<LI><a href="#[28]">&gt;&gt;</a>&nbsp;&nbsp;&nbsp;lcd_init
</UL>

<P><STRONG><a name="[30]"></a>TimingDelay_Decrement</STRONG> (Thumb, 20 bytes, Stack size 0 bytes, user_systick.o(.text))
<BR><BR>[Called By]<UL><LI><a href="#[5]">&gt;&gt;</a>&nbsp;&nbsp;&nbsp;SysTick_Handler
</UL>

<P><STRONG><a name="[29]"></a>TOUCH_init</STRONG> (Thumb, 90 bytes, Stack size 16 bytes, touch.o(.text))
<BR><BR>[Stack]<UL><LI>Max Depth = 36<LI>Call Chain = TOUCH_init &rArr; GPIO_Init
</UL>
<BR>[Calls]<UL><LI><a href="#[3f]">&gt;&gt;</a>&nbsp;&nbsp;&nbsp;GPIO_SetBits
<LI><a href="#[32]">&gt;&gt;</a>&nbsp;&nbsp;&nbsp;RCC_AHBPeriphClockCmd
<LI><a href="#[35]">&gt;&gt;</a>&nbsp;&nbsp;&nbsp;GPIO_Init
</UL>
<BR>[Called By]<UL><LI><a href="#[23]">&gt;&gt;</a>&nbsp;&nbsp;&nbsp;main
</UL>

<P><STRONG><a name="[54]"></a>TOUCH_WRITE_REG</STRONG> (Thumb, 60 bytes, Stack size 8 bytes, touch.o(.text), UNUSED)
<BR><BR>[Calls]<UL><LI><a href="#[3f]">&gt;&gt;</a>&nbsp;&nbsp;&nbsp;GPIO_SetBits
<LI><a href="#[3e]">&gt;&gt;</a>&nbsp;&nbsp;&nbsp;GPIO_ResetBits
<LI><a href="#[39]">&gt;&gt;</a>&nbsp;&nbsp;&nbsp;SPI0_communication
</UL>

<P><STRONG><a name="[55]"></a>TOUCH_WRITE_COMMAND</STRONG> (Thumb, 96 bytes, Stack size 16 bytes, touch.o(.text), UNUSED)
<BR><BR>[Calls]<UL><LI><a href="#[3f]">&gt;&gt;</a>&nbsp;&nbsp;&nbsp;GPIO_SetBits
<LI><a href="#[3e]">&gt;&gt;</a>&nbsp;&nbsp;&nbsp;GPIO_ResetBits
<LI><a href="#[39]">&gt;&gt;</a>&nbsp;&nbsp;&nbsp;SPI0_communication
</UL>

<P><STRONG><a name="[56]"></a>TOUCH_WRITE_DATA</STRONG> (Thumb, 20 bytes, Stack size 8 bytes, touch.o(.text), UNUSED)
<BR><BR>[Calls]<UL><LI><a href="#[39]">&gt;&gt;</a>&nbsp;&nbsp;&nbsp;SPI0_communication
</UL>

<P><STRONG><a name="[57]"></a>GetTouchADC</STRONG> (Thumb, 66 bytes, Stack size 24 bytes, touch.o(.text))
<BR><BR>[Stack]<UL><LI>Max Depth = 32<LI>Call Chain = GetTouchADC &rArr; SPI0_communication
</UL>
<BR>[Calls]<UL><LI><a href="#[3f]">&gt;&gt;</a>&nbsp;&nbsp;&nbsp;GPIO_SetBits
<LI><a href="#[3e]">&gt;&gt;</a>&nbsp;&nbsp;&nbsp;GPIO_ResetBits
<LI><a href="#[39]">&gt;&gt;</a>&nbsp;&nbsp;&nbsp;SPI0_communication
</UL>
<BR>[Called By]<UL><LI><a href="#[58]">&gt;&gt;</a>&nbsp;&nbsp;&nbsp;GetTouchADCEx
</UL>

<P><STRONG><a name="[58]"></a>GetTouchADCEx</STRONG> (Thumb, 112 bytes, Stack size 64 bytes, touch.o(.text))
<BR><BR>[Stack]<UL><LI>Max Depth = 96<LI>Call Chain = GetTouchADCEx &rArr; GetTouchADC &rArr; SPI0_communication
</UL>
<BR>[Calls]<UL><LI><a href="#[57]">&gt;&gt;</a>&nbsp;&nbsp;&nbsp;GetTouchADC
</UL>
<BR>[Called By]<UL><LI><a href="#[59]">&gt;&gt;</a>&nbsp;&nbsp;&nbsp;Read_ADS
</UL>

<P><STRONG><a name="[59]"></a>Read_ADS</STRONG> (Thumb, 42 bytes, Stack size 24 bytes, touch.o(.text))
<BR><BR>[Stack]<UL><LI>Max Depth = 120<LI>Call Chain = Read_ADS &rArr; GetTouchADCEx &rArr; GetTouchADC &rArr; SPI0_communication
</UL>
<BR>[Calls]<UL><LI><a href="#[58]">&gt;&gt;</a>&nbsp;&nbsp;&nbsp;GetTouchADCEx
</UL>
<BR>[Called By]<UL><LI><a href="#[5a]">&gt;&gt;</a>&nbsp;&nbsp;&nbsp;Read_ADS2
</UL>

<P><STRONG><a name="[5a]"></a>Read_ADS2</STRONG> (Thumb, 140 bytes, Stack size 32 bytes, touch.o(.text))
<BR><BR>[Stack]<UL><LI>Max Depth = 152<LI>Call Chain = Read_ADS2 &rArr; Read_ADS &rArr; GetTouchADCEx &rArr; GetTouchADC &rArr; SPI0_communication
</UL>
<BR>[Calls]<UL><LI><a href="#[59]">&gt;&gt;</a>&nbsp;&nbsp;&nbsp;Read_ADS
</UL>
<BR>[Called By]<UL><LI><a href="#[5c]">&gt;&gt;</a>&nbsp;&nbsp;&nbsp;Read_Once
<LI><a href="#[2e]">&gt;&gt;</a>&nbsp;&nbsp;&nbsp;Read_Continue
</UL>

<P><STRONG><a name="[5b]"></a>convert_ad_to_xy</STRONG> (Thumb, 50 bytes, Stack size 8 bytes, touch.o(.text))
<BR><BR>[Stack]<UL><LI>Max Depth = 20<LI>Call Chain = convert_ad_to_xy &rArr; __aeabi_uidivmod
</UL>
<BR>[Calls]<UL><LI><a href="#[4f]">&gt;&gt;</a>&nbsp;&nbsp;&nbsp;__aeabi_uidivmod
</UL>
<BR>[Called By]<UL><LI><a href="#[5c]">&gt;&gt;</a>&nbsp;&nbsp;&nbsp;Read_Once
<LI><a href="#[2e]">&gt;&gt;</a>&nbsp;&nbsp;&nbsp;Read_Continue
</UL>

<P><STRONG><a name="[5c]"></a>Read_Once</STRONG> (Thumb, 42 bytes, Stack size 8 bytes, touch.o(.text), UNUSED)
<BR><BR>[Calls]<UL><LI><a href="#[5d]">&gt;&gt;</a>&nbsp;&nbsp;&nbsp;GPIO_ReadInputDataBit
<LI><a href="#[5b]">&gt;&gt;</a>&nbsp;&nbsp;&nbsp;convert_ad_to_xy
<LI><a href="#[5a]">&gt;&gt;</a>&nbsp;&nbsp;&nbsp;Read_ADS2
</UL>

<P><STRONG><a name="[2e]"></a>Read_Continue</STRONG> (Thumb, 28 bytes, Stack size 8 bytes, touch.o(.text))
<BR><BR>[Stack]<UL><LI>Max Depth = 160<LI>Call Chain = Read_Continue &rArr; Read_ADS2 &rArr; Read_ADS &rArr; GetTouchADCEx &rArr; GetTouchADC &rArr; SPI0_communication
</UL>
<BR>[Calls]<UL><LI><a href="#[5b]">&gt;&gt;</a>&nbsp;&nbsp;&nbsp;convert_ad_to_xy
<LI><a href="#[5a]">&gt;&gt;</a>&nbsp;&nbsp;&nbsp;Read_ADS2
</UL>
<BR>[Called By]<UL><LI><a href="#[23]">&gt;&gt;</a>&nbsp;&nbsp;&nbsp;main
</UL>

<P><STRONG><a name="[24]"></a>SystemInit</STRONG> (Thumb, 110 bytes, Stack size 8 bytes, system_stm32f0xx.o(.text))
<BR><BR>[Stack]<UL><LI>Max Depth = 8<LI>Call Chain = SystemInit
</UL>
<BR>[Calls]<UL><LI><a href="#[5e]">&gt;&gt;</a>&nbsp;&nbsp;&nbsp;SetSysClock
</UL>
<BR>[Address Reference Count : 1]<UL><LI> startup_stm32f0xx.o(.text)
</UL>
<P><STRONG><a name="[5f]"></a>SystemCoreClockUpdate</STRONG> (Thumb, 154 bytes, Stack size 24 bytes, system_stm32f0xx.o(.text), UNUSED)
<BR><BR>[Calls]<UL><LI><a href="#[4f]">&gt;&gt;</a>&nbsp;&nbsp;&nbsp;__aeabi_uidivmod
</UL>

<P><STRONG><a name="[60]"></a>GPIO_DeInit</STRONG> (Thumb, 132 bytes, Stack size 8 bytes, stm32f0xx_gpio.o(.text), UNUSED)
<BR><BR>[Calls]<UL><LI><a href="#[61]">&gt;&gt;</a>&nbsp;&nbsp;&nbsp;RCC_AHBPeriphResetCmd
</UL>

<P><STRONG><a name="[35]"></a>GPIO_Init</STRONG> (Thumb, 144 bytes, Stack size 20 bytes, stm32f0xx_gpio.o(.text))
<BR><BR>[Stack]<UL><LI>Max Depth = 20<LI>Call Chain = GPIO_Init
</UL>
<BR>[Called By]<UL><LI><a href="#[43]">&gt;&gt;</a>&nbsp;&nbsp;&nbsp;lcd_ctrl_port_init
<LI><a href="#[31]">&gt;&gt;</a>&nbsp;&nbsp;&nbsp;SPI0_Init
<LI><a href="#[29]">&gt;&gt;</a>&nbsp;&nbsp;&nbsp;TOUCH_init
</UL>

<P><STRONG><a name="[6d]"></a>GPIO_StructInit</STRONG> (Thumb, 20 bytes, Stack size 0 bytes, stm32f0xx_gpio.o(.text), UNUSED)

<P><STRONG><a name="[6e]"></a>GPIO_PinLockConfig</STRONG> (Thumb, 22 bytes, Stack size 0 bytes, stm32f0xx_gpio.o(.text), UNUSED)

<P><STRONG><a name="[5d]"></a>GPIO_ReadInputDataBit</STRONG> (Thumb, 18 bytes, Stack size 0 bytes, stm32f0xx_gpio.o(.text), UNUSED)
<BR><BR>[Called By]<UL><LI><a href="#[5c]">&gt;&gt;</a>&nbsp;&nbsp;&nbsp;Read_Once
</UL>

<P><STRONG><a name="[6f]"></a>GPIO_ReadInputData</STRONG> (Thumb, 6 bytes, Stack size 0 bytes, stm32f0xx_gpio.o(.text), UNUSED)

<P><STRONG><a name="[70]"></a>GPIO_ReadOutputDataBit</STRONG> (Thumb, 18 bytes, Stack size 0 bytes, stm32f0xx_gpio.o(.text), UNUSED)

<P><STRONG><a name="[71]"></a>GPIO_ReadOutputData</STRONG> (Thumb, 6 bytes, Stack size 0 bytes, stm32f0xx_gpio.o(.text), UNUSED)

<P><STRONG><a name="[3f]"></a>GPIO_SetBits</STRONG> (Thumb, 4 bytes, Stack size 0 bytes, stm32f0xx_gpio.o(.text))
<BR><BR>[Called By]<UL><LI><a href="#[57]">&gt;&gt;</a>&nbsp;&nbsp;&nbsp;GetTouchADC
<LI><a href="#[55]">&gt;&gt;</a>&nbsp;&nbsp;&nbsp;TOUCH_WRITE_COMMAND
<LI><a href="#[54]">&gt;&gt;</a>&nbsp;&nbsp;&nbsp;TOUCH_WRITE_REG
<LI><a href="#[49]">&gt;&gt;</a>&nbsp;&nbsp;&nbsp;lcd_display_test
<LI><a href="#[48]">&gt;&gt;</a>&nbsp;&nbsp;&nbsp;lcd_display_char
<LI><a href="#[44]">&gt;&gt;</a>&nbsp;&nbsp;&nbsp;lcd_clear_screen
<LI><a href="#[41]">&gt;&gt;</a>&nbsp;&nbsp;&nbsp;LCD_WRITE_COMMAND
<LI><a href="#[40]">&gt;&gt;</a>&nbsp;&nbsp;&nbsp;LCD_SEND_COMMAND
<LI><a href="#[3d]">&gt;&gt;</a>&nbsp;&nbsp;&nbsp;LCD_WRITE_REG
<LI><a href="#[28]">&gt;&gt;</a>&nbsp;&nbsp;&nbsp;lcd_init
<LI><a href="#[2f]">&gt;&gt;</a>&nbsp;&nbsp;&nbsp;lcd_draw_dot
<LI><a href="#[2d]">&gt;&gt;</a>&nbsp;&nbsp;&nbsp;lcd_display_image
<LI><a href="#[2b]">&gt;&gt;</a>&nbsp;&nbsp;&nbsp;lcd_display_GB2312
<LI><a href="#[2c]">&gt;&gt;</a>&nbsp;&nbsp;&nbsp;lcd_display_32x29
<LI><a href="#[29]">&gt;&gt;</a>&nbsp;&nbsp;&nbsp;TOUCH_init
</UL>

<P><STRONG><a name="[3e]"></a>GPIO_ResetBits</STRONG> (Thumb, 4 bytes, Stack size 0 bytes, stm32f0xx_gpio.o(.text))
<BR><BR>[Called By]<UL><LI><a href="#[57]">&gt;&gt;</a>&nbsp;&nbsp;&nbsp;GetTouchADC
<LI><a href="#[55]">&gt;&gt;</a>&nbsp;&nbsp;&nbsp;TOUCH_WRITE_COMMAND
<LI><a href="#[54]">&gt;&gt;</a>&nbsp;&nbsp;&nbsp;TOUCH_WRITE_REG
<LI><a href="#[49]">&gt;&gt;</a>&nbsp;&nbsp;&nbsp;lcd_display_test
<LI><a href="#[48]">&gt;&gt;</a>&nbsp;&nbsp;&nbsp;lcd_display_char
<LI><a href="#[44]">&gt;&gt;</a>&nbsp;&nbsp;&nbsp;lcd_clear_screen
<LI><a href="#[43]">&gt;&gt;</a>&nbsp;&nbsp;&nbsp;lcd_ctrl_port_init
<LI><a href="#[41]">&gt;&gt;</a>&nbsp;&nbsp;&nbsp;LCD_WRITE_COMMAND
<LI><a href="#[40]">&gt;&gt;</a>&nbsp;&nbsp;&nbsp;LCD_SEND_COMMAND
<LI><a href="#[3d]">&gt;&gt;</a>&nbsp;&nbsp;&nbsp;LCD_WRITE_REG
<LI><a href="#[28]">&gt;&gt;</a>&nbsp;&nbsp;&nbsp;lcd_init
<LI><a href="#[2f]">&gt;&gt;</a>&nbsp;&nbsp;&nbsp;lcd_draw_dot
<LI><a href="#[2d]">&gt;&gt;</a>&nbsp;&nbsp;&nbsp;lcd_display_image
<LI><a href="#[2b]">&gt;&gt;</a>&nbsp;&nbsp;&nbsp;lcd_display_GB2312
<LI><a href="#[2c]">&gt;&gt;</a>&nbsp;&nbsp;&nbsp;lcd_display_32x29
</UL>

<P><STRONG><a name="[72]"></a>GPIO_WriteBit</STRONG> (Thumb, 12 bytes, Stack size 0 bytes, stm32f0xx_gpio.o(.text), UNUSED)

<P><STRONG><a name="[73]"></a>GPIO_Write</STRONG> (Thumb, 4 bytes, Stack size 0 bytes, stm32f0xx_gpio.o(.text), UNUSED)

<P><STRONG><a name="[34]"></a>GPIO_PinAFConfig</STRONG> (Thumb, 68 bytes, Stack size 20 bytes, stm32f0xx_gpio.o(.text))
<BR><BR>[Stack]<UL><LI>Max Depth = 20<LI>Call Chain = GPIO_PinAFConfig
</UL>
<BR>[Called By]<UL><LI><a href="#[31]">&gt;&gt;</a>&nbsp;&nbsp;&nbsp;SPI0_Init
</UL>

<P><STRONG><a name="[62]"></a>SPI_I2S_DeInit</STRONG> (Thumb, 52 bytes, Stack size 8 bytes, stm32f0xx_spi.o(.text), UNUSED)
<BR><BR>[Calls]<UL><LI><a href="#[63]">&gt;&gt;</a>&nbsp;&nbsp;&nbsp;RCC_APB2PeriphResetCmd
<LI><a href="#[64]">&gt;&gt;</a>&nbsp;&nbsp;&nbsp;RCC_APB1PeriphResetCmd
</UL>

<P><STRONG><a name="[74]"></a>SPI_StructInit</STRONG> (Thumb, 30 bytes, Stack size 0 bytes, stm32f0xx_spi.o(.text), UNUSED)

<P><STRONG><a name="[36]"></a>SPI_Init</STRONG> (Thumb, 76 bytes, Stack size 8 bytes, stm32f0xx_spi.o(.text))
<BR><BR>[Stack]<UL><LI>Max Depth = 8<LI>Call Chain = SPI_Init
</UL>
<BR>[Called By]<UL><LI><a href="#[31]">&gt;&gt;</a>&nbsp;&nbsp;&nbsp;SPI0_Init
</UL>

<P><STRONG><a name="[75]"></a>I2S_StructInit</STRONG> (Thumb, 20 bytes, Stack size 0 bytes, stm32f0xx_spi.o(.text), UNUSED)

<P><STRONG><a name="[65]"></a>I2S_Init</STRONG> (Thumb, 228 bytes, Stack size 72 bytes, stm32f0xx_spi.o(.text), UNUSED)
<BR><BR>[Calls]<UL><LI><a href="#[66]">&gt;&gt;</a>&nbsp;&nbsp;&nbsp;RCC_GetClocksFreq
<LI><a href="#[4f]">&gt;&gt;</a>&nbsp;&nbsp;&nbsp;__aeabi_uidivmod
</UL>

<P><STRONG><a name="[38]"></a>SPI_Cmd</STRONG> (Thumb, 26 bytes, Stack size 0 bytes, stm32f0xx_spi.o(.text))
<BR><BR>[Called By]<UL><LI><a href="#[31]">&gt;&gt;</a>&nbsp;&nbsp;&nbsp;SPI0_Init
</UL>

<P><STRONG><a name="[76]"></a>SPI_TIModeCmd</STRONG> (Thumb, 26 bytes, Stack size 0 bytes, stm32f0xx_spi.o(.text), UNUSED)

<P><STRONG><a name="[77]"></a>I2S_Cmd</STRONG> (Thumb, 26 bytes, Stack size 0 bytes, stm32f0xx_spi.o(.text), UNUSED)

<P><STRONG><a name="[78]"></a>SPI_DataSizeConfig</STRONG> (Thumb, 20 bytes, Stack size 0 bytes, stm32f0xx_spi.o(.text), UNUSED)

<P><STRONG><a name="[37]"></a>SPI_RxFIFOThresholdConfig</STRONG> (Thumb, 16 bytes, Stack size 0 bytes, stm32f0xx_spi.o(.text))
<BR><BR>[Called By]<UL><LI><a href="#[31]">&gt;&gt;</a>&nbsp;&nbsp;&nbsp;SPI0_Init
</UL>

<P><STRONG><a name="[79]"></a>SPI_BiDirectionalLineConfig</STRONG> (Thumb, 28 bytes, Stack size 0 bytes, stm32f0xx_spi.o(.text), UNUSED)

<P><STRONG><a name="[7a]"></a>SPI_NSSInternalSoftwareConfig</STRONG> (Thumb, 32 bytes, Stack size 0 bytes, stm32f0xx_spi.o(.text), UNUSED)

<P><STRONG><a name="[7b]"></a>SPI_SSOutputCmd</STRONG> (Thumb, 24 bytes, Stack size 0 bytes, stm32f0xx_spi.o(.text), UNUSED)

<P><STRONG><a name="[7c]"></a>SPI_NSSPulseModeCmd</STRONG> (Thumb, 26 bytes, Stack size 0 bytes, stm32f0xx_spi.o(.text), UNUSED)

<P><STRONG><a name="[3b]"></a>SPI_SendData8</STRONG> (Thumb, 10 bytes, Stack size 0 bytes, stm32f0xx_spi.o(.text))
<BR><BR>[Called By]<UL><LI><a href="#[39]">&gt;&gt;</a>&nbsp;&nbsp;&nbsp;SPI0_communication
</UL>

<P><STRONG><a name="[7d]"></a>SPI_I2S_SendData16</STRONG> (Thumb, 4 bytes, Stack size 0 bytes, stm32f0xx_spi.o(.text), UNUSED)

<P><STRONG><a name="[3c]"></a>SPI_ReceiveData8</STRONG> (Thumb, 12 bytes, Stack size 0 bytes, stm32f0xx_spi.o(.text))
<BR><BR>[Called By]<UL><LI><a href="#[39]">&gt;&gt;</a>&nbsp;&nbsp;&nbsp;SPI0_communication
</UL>

<P><STRONG><a name="[7e]"></a>SPI_I2S_ReceiveData16</STRONG> (Thumb, 6 bytes, Stack size 0 bytes, stm32f0xx_spi.o(.text), UNUSED)

<P><STRONG><a name="[7f]"></a>SPI_CRCLengthConfig</STRONG> (Thumb, 16 bytes, Stack size 0 bytes, stm32f0xx_spi.o(.text), UNUSED)

<P><STRONG><a name="[80]"></a>SPI_CalculateCRC</STRONG> (Thumb, 26 bytes, Stack size 0 bytes, stm32f0xx_spi.o(.text), UNUSED)

<P><STRONG><a name="[81]"></a>SPI_TransmitCRC</STRONG> (Thumb, 12 bytes, Stack size 0 bytes, stm32f0xx_spi.o(.text), UNUSED)

<P><STRONG><a name="[82]"></a>SPI_GetCRC</STRONG> (Thumb, 16 bytes, Stack size 0 bytes, stm32f0xx_spi.o(.text), UNUSED)

<P><STRONG><a name="[83]"></a>SPI_GetCRCPolynomial</STRONG> (Thumb, 6 bytes, Stack size 0 bytes, stm32f0xx_spi.o(.text), UNUSED)

<P><STRONG><a name="[84]"></a>SPI_I2S_DMACmd</STRONG> (Thumb, 20 bytes, Stack size 0 bytes, stm32f0xx_spi.o(.text), UNUSED)

<P><STRONG><a name="[85]"></a>SPI_LastDMATransferCmd</STRONG> (Thumb, 16 bytes, Stack size 0 bytes, stm32f0xx_spi.o(.text), UNUSED)

<P><STRONG><a name="[86]"></a>SPI_I2S_ITConfig</STRONG> (Thumb, 34 bytes, Stack size 12 bytes, stm32f0xx_spi.o(.text), UNUSED)

<P><STRONG><a name="[87]"></a>SPI_GetTransmissionFIFOStatus</STRONG> (Thumb, 12 bytes, Stack size 0 bytes, stm32f0xx_spi.o(.text), UNUSED)

<P><STRONG><a name="[88]"></a>SPI_GetReceptionFIFOStatus</STRONG> (Thumb, 12 bytes, Stack size 0 bytes, stm32f0xx_spi.o(.text), UNUSED)

<P><STRONG><a name="[3a]"></a>SPI_I2S_GetFlagStatus</STRONG> (Thumb, 18 bytes, Stack size 0 bytes, stm32f0xx_spi.o(.text))
<BR><BR>[Called By]<UL><LI><a href="#[39]">&gt;&gt;</a>&nbsp;&nbsp;&nbsp;SPI0_communication
</UL>

<P><STRONG><a name="[89]"></a>SPI_I2S_ClearFlag</STRONG> (Thumb, 6 bytes, Stack size 0 bytes, stm32f0xx_spi.o(.text), UNUSED)

<P><STRONG><a name="[8a]"></a>SPI_I2S_GetITStatus</STRONG> (Thumb, 54 bytes, Stack size 20 bytes, stm32f0xx_spi.o(.text), UNUSED)

<P><STRONG><a name="[8b]"></a>NVIC_Init</STRONG> (Thumb, 106 bytes, Stack size 0 bytes, stm32f0xx_misc.o(.text), UNUSED)

<P><STRONG><a name="[8c]"></a>NVIC_SystemLPConfig</STRONG> (Thumb, 28 bytes, Stack size 0 bytes, stm32f0xx_misc.o(.text), UNUSED)

<P><STRONG><a name="[53]"></a>SysTick_CLKSourceConfig</STRONG> (Thumb, 32 bytes, Stack size 0 bytes, stm32f0xx_misc.o(.text))
<BR><BR>[Called By]<UL><LI><a href="#[52]">&gt;&gt;</a>&nbsp;&nbsp;&nbsp;delay_1ms
<LI><a href="#[45]">&gt;&gt;</a>&nbsp;&nbsp;&nbsp;delay_10us
</UL>

<P><STRONG><a name="[8d]"></a>RCC_DeInit</STRONG> (Thumb, 104 bytes, Stack size 0 bytes, stm32f0xx_rcc.o(.text), UNUSED)

<P><STRONG><a name="[8e]"></a>RCC_HSEConfig</STRONG> (Thumb, 12 bytes, Stack size 0 bytes, stm32f0xx_rcc.o(.text), UNUSED)

<P><STRONG><a name="[68]"></a>RCC_GetFlagStatus</STRONG> (Thumb, 66 bytes, Stack size 8 bytes, stm32f0xx_rcc.o(.text), UNUSED)
<BR><BR>[Called By]<UL><LI><a href="#[67]">&gt;&gt;</a>&nbsp;&nbsp;&nbsp;RCC_WaitForHSEStartUp
</UL>

<P><STRONG><a name="[67]"></a>RCC_WaitForHSEStartUp</STRONG> (Thumb, 52 bytes, Stack size 16 bytes, stm32f0xx_rcc.o(.text), UNUSED)
<BR><BR>[Calls]<UL><LI><a href="#[68]">&gt;&gt;</a>&nbsp;&nbsp;&nbsp;RCC_GetFlagStatus
</UL>

<P><STRONG><a name="[8f]"></a>RCC_AdjustHSICalibrationValue</STRONG> (Thumb, 26 bytes, Stack size 0 bytes, stm32f0xx_rcc.o(.text), UNUSED)

<P><STRONG><a name="[90]"></a>RCC_HSICmd</STRONG> (Thumb, 32 bytes, Stack size 0 bytes, stm32f0xx_rcc.o(.text), UNUSED)

<P><STRONG><a name="[91]"></a>RCC_AdjustHSI14CalibrationValue</STRONG> (Thumb, 26 bytes, Stack size 0 bytes, stm32f0xx_rcc.o(.text), UNUSED)

<P><STRONG><a name="[92]"></a>RCC_HSI14Cmd</STRONG> (Thumb, 32 bytes, Stack size 0 bytes, stm32f0xx_rcc.o(.text), UNUSED)

<P><STRONG><a name="[93]"></a>RCC_HSI14ADCRequestCmd</STRONG> (Thumb, 32 bytes, Stack size 0 bytes, stm32f0xx_rcc.o(.text), UNUSED)

<P><STRONG><a name="[94]"></a>RCC_LSEConfig</STRONG> (Thumb, 34 bytes, Stack size 0 bytes, stm32f0xx_rcc.o(.text), UNUSED)

<P><STRONG><a name="[95]"></a>RCC_LSEDriveConfig</STRONG> (Thumb, 22 bytes, Stack size 0 bytes, stm32f0xx_rcc.o(.text), UNUSED)

<P><STRONG><a name="[96]"></a>RCC_LSICmd</STRONG> (Thumb, 32 bytes, Stack size 0 bytes, stm32f0xx_rcc.o(.text), UNUSED)

<P><STRONG><a name="[97]"></a>RCC_PLLConfig</STRONG> (Thumb, 30 bytes, Stack size 0 bytes, stm32f0xx_rcc.o(.text), UNUSED)

<P><STRONG><a name="[98]"></a>RCC_PLLCmd</STRONG> (Thumb, 36 bytes, Stack size 0 bytes, stm32f0xx_rcc.o(.text), UNUSED)

<P><STRONG><a name="[99]"></a>RCC_PREDIV1Config</STRONG> (Thumb, 24 bytes, Stack size 0 bytes, stm32f0xx_rcc.o(.text), UNUSED)

<P><STRONG><a name="[9a]"></a>RCC_ClockSecuritySystemCmd</STRONG> (Thumb, 36 bytes, Stack size 0 bytes, stm32f0xx_rcc.o(.text), UNUSED)

<P><STRONG><a name="[9b]"></a>RCC_MCOConfig</STRONG> (Thumb, 6 bytes, Stack size 0 bytes, stm32f0xx_rcc.o(.text), UNUSED)

<P><STRONG><a name="[9c]"></a>RCC_SYSCLKConfig</STRONG> (Thumb, 24 bytes, Stack size 0 bytes, stm32f0xx_rcc.o(.text), UNUSED)

<P><STRONG><a name="[9d]"></a>RCC_GetSYSCLKSource</STRONG> (Thumb, 10 bytes, Stack size 0 bytes, stm32f0xx_rcc.o(.text), UNUSED)

<P><STRONG><a name="[9e]"></a>RCC_HCLKConfig</STRONG> (Thumb, 28 bytes, Stack size 0 bytes, stm32f0xx_rcc.o(.text), UNUSED)

<P><STRONG><a name="[9f]"></a>RCC_PCLKConfig</STRONG> (Thumb, 30 bytes, Stack size 0 bytes, stm32f0xx_rcc.o(.text), UNUSED)

<P><STRONG><a name="[a0]"></a>RCC_ADCCLKConfig</STRONG> (Thumb, 52 bytes, Stack size 0 bytes, stm32f0xx_rcc.o(.text), UNUSED)

<P><STRONG><a name="[a1]"></a>RCC_CECCLKConfig</STRONG> (Thumb, 22 bytes, Stack size 0 bytes, stm32f0xx_rcc.o(.text), UNUSED)

<P><STRONG><a name="[a2]"></a>RCC_I2CCLKConfig</STRONG> (Thumb, 22 bytes, Stack size 0 bytes, stm32f0xx_rcc.o(.text), UNUSED)

<P><STRONG><a name="[a3]"></a>RCC_USARTCLKConfig</STRONG> (Thumb, 22 bytes, Stack size 0 bytes, stm32f0xx_rcc.o(.text), UNUSED)

<P><STRONG><a name="[66]"></a>RCC_GetClocksFreq</STRONG> (Thumb, 368 bytes, Stack size 32 bytes, stm32f0xx_rcc.o(.text), UNUSED)
<BR><BR>[Calls]<UL><LI><a href="#[4f]">&gt;&gt;</a>&nbsp;&nbsp;&nbsp;__aeabi_uidivmod
</UL>
<BR>[Called By]<UL><LI><a href="#[65]">&gt;&gt;</a>&nbsp;&nbsp;&nbsp;I2S_Init
</UL>

<P><STRONG><a name="[a4]"></a>RCC_RTCCLKConfig</STRONG> (Thumb, 12 bytes, Stack size 0 bytes, stm32f0xx_rcc.o(.text), UNUSED)

<P><STRONG><a name="[a5]"></a>RCC_RTCCLKCmd</STRONG> (Thumb, 36 bytes, Stack size 0 bytes, stm32f0xx_rcc.o(.text), UNUSED)

<P><STRONG><a name="[a6]"></a>RCC_BackupResetCmd</STRONG> (Thumb, 36 bytes, Stack size 0 bytes, stm32f0xx_rcc.o(.text), UNUSED)

<P><STRONG><a name="[32]"></a>RCC_AHBPeriphClockCmd</STRONG> (Thumb, 28 bytes, Stack size 0 bytes, stm32f0xx_rcc.o(.text))
<BR><BR>[Called By]<UL><LI><a href="#[43]">&gt;&gt;</a>&nbsp;&nbsp;&nbsp;lcd_ctrl_port_init
<LI><a href="#[31]">&gt;&gt;</a>&nbsp;&nbsp;&nbsp;SPI0_Init
<LI><a href="#[29]">&gt;&gt;</a>&nbsp;&nbsp;&nbsp;TOUCH_init
</UL>

<P><STRONG><a name="[a7]"></a>RCC_APB2PeriphClockCmd</STRONG> (Thumb, 28 bytes, Stack size 0 bytes, stm32f0xx_rcc.o(.text), UNUSED)

<P><STRONG><a name="[33]"></a>RCC_APB1PeriphClockCmd</STRONG> (Thumb, 28 bytes, Stack size 0 bytes, stm32f0xx_rcc.o(.text))
<BR><BR>[Called By]<UL><LI><a href="#[31]">&gt;&gt;</a>&nbsp;&nbsp;&nbsp;SPI0_Init
</UL>

<P><STRONG><a name="[61]"></a>RCC_AHBPeriphResetCmd</STRONG> (Thumb, 28 bytes, Stack size 0 bytes, stm32f0xx_rcc.o(.text), UNUSED)
<BR><BR>[Called By]<UL><LI><a href="#[60]">&gt;&gt;</a>&nbsp;&nbsp;&nbsp;GPIO_DeInit
</UL>

<P><STRONG><a name="[63]"></a>RCC_APB2PeriphResetCmd</STRONG> (Thumb, 28 bytes, Stack size 0 bytes, stm32f0xx_rcc.o(.text), UNUSED)
<BR><BR>[Called By]<UL><LI><a href="#[62]">&gt;&gt;</a>&nbsp;&nbsp;&nbsp;SPI_I2S_DeInit
</UL>

<P><STRONG><a name="[64]"></a>RCC_APB1PeriphResetCmd</STRONG> (Thumb, 28 bytes, Stack size 0 bytes, stm32f0xx_rcc.o(.text), UNUSED)
<BR><BR>[Called By]<UL><LI><a href="#[62]">&gt;&gt;</a>&nbsp;&nbsp;&nbsp;SPI_I2S_DeInit
</UL>

<P><STRONG><a name="[a8]"></a>RCC_ITConfig</STRONG> (Thumb, 28 bytes, Stack size 0 bytes, stm32f0xx_rcc.o(.text), UNUSED)

<P><STRONG><a name="[a9]"></a>RCC_ClearFlag</STRONG> (Thumb, 16 bytes, Stack size 0 bytes, stm32f0xx_rcc.o(.text), UNUSED)

<P><STRONG><a name="[aa]"></a>RCC_GetITStatus</STRONG> (Thumb, 20 bytes, Stack size 0 bytes, stm32f0xx_rcc.o(.text), UNUSED)

<P><STRONG><a name="[ab]"></a>RCC_ClearITPendingBit</STRONG> (Thumb, 6 bytes, Stack size 0 bytes, stm32f0xx_rcc.o(.text), UNUSED)

<P><STRONG><a name="[0]"></a>Reset_Handler</STRONG> (Thumb, 8 bytes, Stack size 0 bytes, startup_stm32f0xx.o(.text))
<BR>[Address Reference Count : 1]<UL><LI> startup_stm32f0xx.o(RESET)
</UL>
<P><STRONG><a name="[12]"></a>ADC1_COMP_IRQHandler</STRONG> (Thumb, 0 bytes, Stack size 0 bytes, startup_stm32f0xx.o(.text))
<BR><BR>[Calls]<UL><LI><a href="#[12]">&gt;&gt;</a>&nbsp;&nbsp;&nbsp;ADC1_COMP_IRQHandler
</UL>
<BR>[Called By]<UL><LI><a href="#[12]">&gt;&gt;</a>&nbsp;&nbsp;&nbsp;ADC1_COMP_IRQHandler
</UL>
<BR>[Address Reference Count : 1]<UL><LI> startup_stm32f0xx.o(RESET)
</UL>
<P><STRONG><a name="[22]"></a>CEC_IRQHandler</STRONG> (Thumb, 0 bytes, Stack size 0 bytes, startup_stm32f0xx.o(.text))
<BR>[Address Reference Count : 1]<UL><LI> startup_stm32f0xx.o(RESET)
</UL>
<P><STRONG><a name="[f]"></a>DMA1_Channel1_IRQHandler</STRONG> (Thumb, 0 bytes, Stack size 0 bytes, startup_stm32f0xx.o(.text))
<BR>[Address Reference Count : 1]<UL><LI> startup_stm32f0xx.o(RESET)
</UL>
<P><STRONG><a name="[10]"></a>DMA1_Channel2_3_IRQHandler</STRONG> (Thumb, 0 bytes, Stack size 0 bytes, startup_stm32f0xx.o(.text))
<BR>[Address Reference Count : 1]<UL><LI> startup_stm32f0xx.o(RESET)
</UL>
<P><STRONG><a name="[11]"></a>DMA1_Channel4_5_IRQHandler</STRONG> (Thumb, 0 bytes, Stack size 0 bytes, startup_stm32f0xx.o(.text))
<BR>[Address Reference Count : 1]<UL><LI> startup_stm32f0xx.o(RESET)
</UL>
<P><STRONG><a name="[b]"></a>EXTI0_1_IRQHandler</STRONG> (Thumb, 0 bytes, Stack size 0 bytes, startup_stm32f0xx.o(.text))
<BR>[Address Reference Count : 1]<UL><LI> startup_stm32f0xx.o(RESET)
</UL>
<P><STRONG><a name="[c]"></a>EXTI2_3_IRQHandler</STRONG> (Thumb, 0 bytes, Stack size 0 bytes, startup_stm32f0xx.o(.text))
<BR>[Address Reference Count : 1]<UL><LI> startup_stm32f0xx.o(RESET)
</UL>
<P><STRONG><a name="[d]"></a>EXTI4_15_IRQHandler</STRONG> (Thumb, 0 bytes, Stack size 0 bytes, startup_stm32f0xx.o(.text))
<BR>[Address Reference Count : 1]<UL><LI> startup_stm32f0xx.o(RESET)
</UL>
<P><STRONG><a name="[9]"></a>FLASH_IRQHandler</STRONG> (Thumb, 0 bytes, Stack size 0 bytes, startup_stm32f0xx.o(.text))
<BR>[Address Reference Count : 1]<UL><LI> startup_stm32f0xx.o(RESET)
</UL>
<P><STRONG><a name="[1c]"></a>I2C1_IRQHandler</STRONG> (Thumb, 0 bytes, Stack size 0 bytes, startup_stm32f0xx.o(.text))
<BR>[Address Reference Count : 1]<UL><LI> startup_stm32f0xx.o(RESET)
</UL>
<P><STRONG><a name="[1d]"></a>I2C2_IRQHandler</STRONG> (Thumb, 0 bytes, Stack size 0 bytes, startup_stm32f0xx.o(.text))
<BR>[Address Reference Count : 1]<UL><LI> startup_stm32f0xx.o(RESET)
</UL>
<P><STRONG><a name="[7]"></a>PVD_IRQHandler</STRONG> (Thumb, 0 bytes, Stack size 0 bytes, startup_stm32f0xx.o(.text))
<BR>[Address Reference Count : 1]<UL><LI> startup_stm32f0xx.o(RESET)
</UL>
<P><STRONG><a name="[a]"></a>RCC_IRQHandler</STRONG> (Thumb, 0 bytes, Stack size 0 bytes, startup_stm32f0xx.o(.text))
<BR>[Address Reference Count : 1]<UL><LI> startup_stm32f0xx.o(RESET)
</UL>
<P><STRONG><a name="[8]"></a>RTC_IRQHandler</STRONG> (Thumb, 0 bytes, Stack size 0 bytes, startup_stm32f0xx.o(.text))
<BR>[Address Reference Count : 1]<UL><LI> startup_stm32f0xx.o(RESET)
</UL>
<P><STRONG><a name="[1e]"></a>SPI1_IRQHandler</STRONG> (Thumb, 0 bytes, Stack size 0 bytes, startup_stm32f0xx.o(.text))
<BR>[Address Reference Count : 1]<UL><LI> startup_stm32f0xx.o(RESET)
</UL>
<P><STRONG><a name="[1f]"></a>SPI2_IRQHandler</STRONG> (Thumb, 0 bytes, Stack size 0 bytes, startup_stm32f0xx.o(.text))
<BR>[Address Reference Count : 1]<UL><LI> startup_stm32f0xx.o(RESET)
</UL>
<P><STRONG><a name="[18]"></a>TIM14_IRQHandler</STRONG> (Thumb, 0 bytes, Stack size 0 bytes, startup_stm32f0xx.o(.text))
<BR>[Address Reference Count : 1]<UL><LI> startup_stm32f0xx.o(RESET)
</UL>
<P><STRONG><a name="[19]"></a>TIM15_IRQHandler</STRONG> (Thumb, 0 bytes, Stack size 0 bytes, startup_stm32f0xx.o(.text))
<BR>[Address Reference Count : 1]<UL><LI> startup_stm32f0xx.o(RESET)
</UL>
<P><STRONG><a name="[1a]"></a>TIM16_IRQHandler</STRONG> (Thumb, 0 bytes, Stack size 0 bytes, startup_stm32f0xx.o(.text))
<BR>[Address Reference Count : 1]<UL><LI> startup_stm32f0xx.o(RESET)
</UL>
<P><STRONG><a name="[1b]"></a>TIM17_IRQHandler</STRONG> (Thumb, 0 bytes, Stack size 0 bytes, startup_stm32f0xx.o(.text))
<BR>[Address Reference Count : 1]<UL><LI> startup_stm32f0xx.o(RESET)
</UL>
<P><STRONG><a name="[13]"></a>TIM1_BRK_UP_TRG_COM_IRQHandler</STRONG> (Thumb, 0 bytes, Stack size 0 bytes, startup_stm32f0xx.o(.text))
<BR>[Address Reference Count : 1]<UL><LI> startup_stm32f0xx.o(RESET)
</UL>
<P><STRONG><a name="[14]"></a>TIM1_CC_IRQHandler</STRONG> (Thumb, 0 bytes, Stack size 0 bytes, startup_stm32f0xx.o(.text))
<BR>[Address Reference Count : 1]<UL><LI> startup_stm32f0xx.o(RESET)
</UL>
<P><STRONG><a name="[15]"></a>TIM2_IRQHandler</STRONG> (Thumb, 0 bytes, Stack size 0 bytes, startup_stm32f0xx.o(.text))
<BR>[Address Reference Count : 1]<UL><LI> startup_stm32f0xx.o(RESET)
</UL>
<P><STRONG><a name="[16]"></a>TIM3_IRQHandler</STRONG> (Thumb, 0 bytes, Stack size 0 bytes, startup_stm32f0xx.o(.text))
<BR>[Address Reference Count : 1]<UL><LI> startup_stm32f0xx.o(RESET)
</UL>
<P><STRONG><a name="[17]"></a>TIM6_DAC_IRQHandler</STRONG> (Thumb, 0 bytes, Stack size 0 bytes, startup_stm32f0xx.o(.text))
<BR>[Address Reference Count : 1]<UL><LI> startup_stm32f0xx.o(RESET)
</UL>
<P><STRONG><a name="[e]"></a>TS_IRQHandler</STRONG> (Thumb, 0 bytes, Stack size 0 bytes, startup_stm32f0xx.o(.text))
<BR>[Address Reference Count : 1]<UL><LI> startup_stm32f0xx.o(RESET)
</UL>
<P><STRONG><a name="[20]"></a>USART1_IRQHandler</STRONG> (Thumb, 0 bytes, Stack size 0 bytes, startup_stm32f0xx.o(.text))
<BR>[Address Reference Count : 1]<UL><LI> startup_stm32f0xx.o(RESET)
</UL>
<P><STRONG><a name="[21]"></a>USART2_IRQHandler</STRONG> (Thumb, 0 bytes, Stack size 0 bytes, startup_stm32f0xx.o(.text))
<BR>[Address Reference Count : 1]<UL><LI> startup_stm32f0xx.o(RESET)
</UL>
<P><STRONG><a name="[6]"></a>WWDG_IRQHandler</STRONG> (Thumb, 0 bytes, Stack size 0 bytes, startup_stm32f0xx.o(.text))
<BR>[Address Reference Count : 1]<UL><LI> startup_stm32f0xx.o(RESET)
</UL>
<P><STRONG><a name="[ac]"></a>__aeabi_uidiv</STRONG> (Thumb, 0 bytes, Stack size 12 bytes, uidiv.o(.text), UNUSED)

<P><STRONG><a name="[4f]"></a>__aeabi_uidivmod</STRONG> (Thumb, 44 bytes, Stack size 12 bytes, uidiv.o(.text))
<BR><BR>[Stack]<UL><LI>Max Depth = 12<LI>Call Chain = __aeabi_uidivmod
</UL>
<BR>[Called By]<UL><LI><a href="#[65]">&gt;&gt;</a>&nbsp;&nbsp;&nbsp;I2S_Init
<LI><a href="#[66]">&gt;&gt;</a>&nbsp;&nbsp;&nbsp;RCC_GetClocksFreq
<LI><a href="#[5f]">&gt;&gt;</a>&nbsp;&nbsp;&nbsp;SystemCoreClockUpdate
<LI><a href="#[5b]">&gt;&gt;</a>&nbsp;&nbsp;&nbsp;convert_ad_to_xy
<LI><a href="#[4d]">&gt;&gt;</a>&nbsp;&nbsp;&nbsp;lcd_display_number
</UL>

<P><STRONG><a name="[27]"></a>__scatterload</STRONG> (Thumb, 28 bytes, Stack size 0 bytes, init.o(.text))
<BR><BR>[Calls]<UL><LI><a href="#[69]">&gt;&gt;</a>&nbsp;&nbsp;&nbsp;__main_after_scatterload
</UL>
<BR>[Called By]<UL><LI><a href="#[26]">&gt;&gt;</a>&nbsp;&nbsp;&nbsp;_main_scatterload
</UL>

<P><STRONG><a name="[ad]"></a>__scatterload_rt2</STRONG> (Thumb, 0 bytes, Stack size 0 bytes, init.o(.text), UNUSED)

<P><STRONG><a name="[ae]"></a>__scatterload_copy</STRONG> (Thumb, 14 bytes, Stack size unknown bytes, handlers.o(i.__scatterload_copy), UNUSED)

<P><STRONG><a name="[af]"></a>__scatterload_null</STRONG> (Thumb, 2 bytes, Stack size unknown bytes, handlers.o(i.__scatterload_null), UNUSED)

<P><STRONG><a name="[b0]"></a>__scatterload_zeroinit</STRONG> (Thumb, 14 bytes, Stack size unknown bytes, handlers.o(i.__scatterload_zeroinit), UNUSED)
<P>
<H3>
Local Symbols
</H3>
<P><STRONG><a name="[50]"></a>SysTick_Config</STRONG> (Thumb, 46 bytes, Stack size 8 bytes, user_systick.o(.text))
<BR><BR>[Stack]<UL><LI>Max Depth = 16<LI>Call Chain = SysTick_Config &rArr; NVIC_SetPriority
</UL>
<BR>[Calls]<UL><LI><a href="#[51]">&gt;&gt;</a>&nbsp;&nbsp;&nbsp;NVIC_SetPriority
</UL>
<BR>[Called By]<UL><LI><a href="#[52]">&gt;&gt;</a>&nbsp;&nbsp;&nbsp;delay_1ms
<LI><a href="#[45]">&gt;&gt;</a>&nbsp;&nbsp;&nbsp;delay_10us
</UL>

<P><STRONG><a name="[51]"></a>NVIC_SetPriority</STRONG> (Thumb, 110 bytes, Stack size 8 bytes, user_systick.o(.text))
<BR><BR>[Stack]<UL><LI>Max Depth = 8<LI>Call Chain = NVIC_SetPriority
</UL>
<BR>[Called By]<UL><LI><a href="#[50]">&gt;&gt;</a>&nbsp;&nbsp;&nbsp;SysTick_Config
</UL>

<P><STRONG><a name="[5e]"></a>SetSysClock</STRONG> (Thumb, 182 bytes, Stack size 0 bytes, system_stm32f0xx.o(.text))
<BR><BR>[Called By]<UL><LI><a href="#[24]">&gt;&gt;</a>&nbsp;&nbsp;&nbsp;SystemInit
</UL>
<P>
<H3>
Undefined Global Symbols
</H3><HR></body></html>
