<html>
<body>
<pre>
<h1>礦ision Build Log</h1>
<h2>Project:</h2>
H:\嵌入式\嵌入式实验\LCD显示（实验三）\LCD22-Touch\Project\Porject.uvproj
Project File Date:  04/22/2014

<h2>Output:</h2>
compiling main.c...
..\User\main.c - 0 Error(s), 0 Warning(s).
Build target 'Open32F051C_LCD22_Touch'
compiling stm32f0xx_it.c...
compiling usart.c...
compiling LCD_lib.c...
compiling LTM022A69B.c...
compiling User_systick.c...
compiling Touch.c...
compiling system_stm32f0xx.c...
compiling stm32f0xx_gpio.c...
compiling stm32f0xx_usart.c...
compiling stm32f0xx_tim.c...
compiling stm32f0xx_syscfg.c...
compiling stm32f0xx_spi.c...
compiling stm32f0xx_rtc.c...
compiling stm32f0xx_i2c.c...
compiling stm32f0xx_adc.c...
compiling stm32f0xx_cec.c...
compiling stm32f0xx_comp.c...
compiling stm32f0xx_crc.c...
compiling stm32f0xx_dac.c...
compiling stm32f0xx_dbgmcu.c...
compiling stm32f0xx_dma.c...
compiling stm32f0xx_exti.c...
compiling stm32f0xx_flash.c...
compiling stm32f0xx_iwdg.c...
compiling stm32f0xx_misc.c...
compiling stm32f0xx_pwr.c...
compiling stm32f0xx_rcc.c...
compiling stm32f0xx_wwdg.c...
assembling startup_stm32f0xx.s...
linking...
Program Size: Code=8102 RO-data=2530 RW-data=44 ZI-data=1044  
".\Output\Porject.axf" - 0 Error(s), 0 Warning(s).
compiling main.c...
..\User\main.c - 0 Error(s), 0 Warning(s).
Build target 'Open32F051C_LCD22_Touch'
linking...
Program Size: Code=8102 RO-data=2530 RW-data=44 ZI-data=1044  
".\Output\Porject.axf" - 0 Error(s), 0 Warning(s).
Load "H:\\嵌入式\\嵌入式实验\\LCD显示（实验三）\\LCD22-Touch\\Project\\Output\\Porject.AXF" 
Set JLink Project File to "H:\嵌入式\嵌入式实验\LCD显示（实验三）\LCD22-Touch\Project\JLinkSettings.ini"
 
JLink info:
------------
DLL: V4.36l, compiled Dec  2 2011 18:52:36
Firmware: J-Link ARM V8 compiled Jun 19 2012 11:29:30
Hardware: V8.00
S/N : 99999994 
Feature(s) : RDI,FlashDL,FlashBP,JFlash,GDBFULL 
 
* JLink Info: TotalIRLen = ?, IRPrint = 0x..000000000000000000000000
compiling main.c...
..\User\main.c - 0 Error(s), 0 Warning(s).
Build target 'Open32F051C_LCD22_Touch'
linking...
Program Size: Code=8102 RO-data=2530 RW-data=44 ZI-data=1044  
".\Output\Porject.axf" - 0 Error(s), 0 Warning(s).
Load "H:\\嵌入式\\嵌入式实验\\LCD显示（实验三）\\LCD22-Touch\\Project\\Output\\Porject.AXF" 
Set JLink Project File to "H:\嵌入式\嵌入式实验\LCD显示（实验三）\LCD22-Touch\Project\JLinkSettings.ini"
 
JLink info:
------------
DLL: V4.36l, compiled Dec  2 2011 18:52:36
Firmware: J-Link ARM V8 compiled Jun 19 2012 11:29:30
Hardware: V8.00
S/N : 99999994 
Feature(s) : RDI,FlashDL,FlashBP,JFlash,GDBFULL 
 
* JLink Info: Found SWD-DP with ID 0x0BB11477
* JLink Info:   FPUnit: 4 code (BP) slots and 0 literal slots
* JLink Info: Found Cortex-M0 r0p0, Little endian.
ROMTableAddr = 0xE00FF003
* JLink Info: Found SWD-DP with ID 0x0BB11477
* JLink Info:   FPUnit: 4 code (BP) slots and 0 literal slots
* JLink Info: Found Cortex-M0 r0p0, Little endian.
 
Target info:
------------
Device: STM32F051R8
VTarget = 3.313V
State of Pins: 
TCK: 0, TDI: 0, TDO: 0, TMS: 1, TRES: 1, TRST: 1
Hardware-Breakpoints: 4
Software-Breakpoints: 8192
Watchpoints:          2
JTAG speed: 2000 kHz
 
Erase Done.
Programming Done.
Verify OK.
Build target 'Open32F051C_LCD22_Touch'
compiling main.c...
linking...
Program Size: Code=8086 RO-data=2530 RW-data=44 ZI-data=1044  
".\Output\Porject.axf" - 0 Error(s), 0 Warning(s).
Load "H:\\嵌入式\\嵌入式实验\\LCD显示（实验三）\\LCD22-Touch\\Project\\Output\\Porject.AXF" 
Set JLink Project File to "H:\嵌入式\嵌入式实验\LCD显示（实验三）\LCD22-Touch\Project\JLinkSettings.ini"
 
JLink info:
------------
DLL: V4.36l, compiled Dec  2 2011 18:52:36
Firmware: J-Link ARM V8 compiled Jun 19 2012 11:29:30
Hardware: V8.00
S/N : 99999994 
Feature(s) : RDI,FlashDL,FlashBP,JFlash,GDBFULL 
 
* JLink Info: Found SWD-DP with ID 0x0BB11477
* JLink Info:   FPUnit: 4 code (BP) slots and 0 literal slots
* JLink Info: Found Cortex-M0 r0p0, Little endian.
ROMTableAddr = 0xE00FF003
* JLink Info: Found SWD-DP with ID 0x0BB11477
* JLink Info:   FPUnit: 4 code (BP) slots and 0 literal slots
* JLink Info: Found Cortex-M0 r0p0, Little endian.
 
Target info:
------------
Device: STM32F051R8
VTarget = 3.319V
State of Pins: 
TCK: 0, TDI: 0, TDO: 1, TMS: 1, TRES: 1, TRST: 1
Hardware-Breakpoints: 4
Software-Breakpoints: 8192
Watchpoints:          2
JTAG speed: 2000 kHz
 
Erase Done.
Programming Done.
Verify OK.
compiling main.c...
..\User\main.c(31): error:  #20: identifier "A" is undefined
..\User\main.c - 1 Error(s), 0 Warning(s).
compiling main.c...
..\User\main.c - 0 Error(s), 0 Warning(s).
Build target 'Open32F051C_LCD22_Touch'
linking...
Program Size: Code=8102 RO-data=2530 RW-data=44 ZI-data=1044  
".\Output\Porject.axf" - 0 Error(s), 0 Warning(s).
Load "H:\\嵌入式\\嵌入式实验\\LCD显示（实验三）\\LCD22-Touch\\Project\\Output\\Porject.AXF" 
Set JLink Project File to "H:\嵌入式\嵌入式实验\LCD显示（实验三）\LCD22-Touch\Project\JLinkSettings.ini"
 
JLink info:
------------
DLL: V4.36l, compiled Dec  2 2011 18:52:36
Firmware: J-Link ARM V8 compiled Jun 19 2012 11:29:30
Hardware: V8.00
S/N : 99999994 
Feature(s) : RDI,FlashDL,FlashBP,JFlash,GDBFULL 
 
* JLink Info: Found SWD-DP with ID 0x0BB11477
* JLink Info:   FPUnit: 4 code (BP) slots and 0 literal slots
* JLink Info: Found Cortex-M0 r0p0, Little endian.
ROMTableAddr = 0xE00FF003
* JLink Info: Found SWD-DP with ID 0x0BB11477
* JLink Info:   FPUnit: 4 code (BP) slots and 0 literal slots
* JLink Info: Found Cortex-M0 r0p0, Little endian.
 
Target info:
------------
Device: STM32F051R8
VTarget = 3.313V
State of Pins: 
TCK: 0, TDI: 0, TDO: 0, TMS: 1, TRES: 1, TRST: 1
Hardware-Breakpoints: 4
Software-Breakpoints: 8192
Watchpoints:          2
JTAG speed: 2000 kHz
 
Erase Done.
Programming Done.
Verify OK.
compiling main.c...
..\User\main.c(31): error:  #20: identifier "color" is undefined
..\User\main.c - 1 Error(s), 0 Warning(s).
compiling main.c...
..\User\main.c(31): error:  #20: identifier "color" is undefined
..\User\main.c - 1 Error(s), 0 Warning(s).
compiling main.c...
..\User\main.c - 0 Error(s), 0 Warning(s).
Build target 'Open32F051C_LCD22_Touch'
linking...
Program Size: Code=8102 RO-data=2530 RW-data=44 ZI-data=1044  
".\Output\Porject.axf" - 0 Error(s), 0 Warning(s).
Load "H:\\嵌入式\\嵌入式实验\\LCD显示（实验三）\\LCD22-Touch\\Project\\Output\\Porject.AXF" 
Set JLink Project File to "H:\嵌入式\嵌入式实验\LCD显示（实验三）\LCD22-Touch\Project\JLinkSettings.ini"
 
JLink info:
------------
DLL: V4.36l, compiled Dec  2 2011 18:52:36
Firmware: J-Link ARM V8 compiled Jun 19 2012 11:29:30
Hardware: V8.00
S/N : 99999994 
Feature(s) : RDI,FlashDL,FlashBP,JFlash,GDBFULL 
 
* JLink Info: Found SWD-DP with ID 0x0BB11477
* JLink Info:   FPUnit: 4 code (BP) slots and 0 literal slots
* JLink Info: Found Cortex-M0 r0p0, Little endian.
ROMTableAddr = 0xE00FF003
* JLink Info: Found SWD-DP with ID 0x0BB11477
* JLink Info:   FPUnit: 4 code (BP) slots and 0 literal slots
* JLink Info: Found Cortex-M0 r0p0, Little endian.
 
Target info:
------------
Device: STM32F051R8
VTarget = 3.313V
State of Pins: 
TCK: 0, TDI: 0, TDO: 0, TMS: 1, TRES: 1, TRST: 1
Hardware-Breakpoints: 4
Software-Breakpoints: 8192
Watchpoints:          2
JTAG speed: 2000 kHz
 
Erase Done.
Programming Done.
Verify OK.
Build target 'Open32F051C_LCD22_Touch'
compiling main.c...
linking...
Program Size: Code=8102 RO-data=2530 RW-data=44 ZI-data=1044  
".\Output\Porject.axf" - 0 Error(s), 0 Warning(s).
Load "H:\\嵌入式\\嵌入式实验\\LCD显示（实验三）\\LCD22-Touch\\Project\\Output\\Porject.AXF" 
Set JLink Project File to "H:\嵌入式\嵌入式实验\LCD显示（实验三）\LCD22-Touch\Project\JLinkSettings.ini"
 
JLink info:
------------
DLL: V4.36l, compiled Dec  2 2011 18:52:36
Firmware: J-Link ARM V8 compiled Jun 19 2012 11:29:30
Hardware: V8.00
S/N : 99999994 
Feature(s) : RDI,FlashDL,FlashBP,JFlash,GDBFULL 
 
* JLink Info: Found SWD-DP with ID 0x0BB11477
* JLink Info:   FPUnit: 4 code (BP) slots and 0 literal slots
* JLink Info: Found Cortex-M0 r0p0, Little endian.
ROMTableAddr = 0xE00FF003
* JLink Info: Found SWD-DP with ID 0x0BB11477
* JLink Info:   FPUnit: 4 code (BP) slots and 0 literal slots
* JLink Info: Found Cortex-M0 r0p0, Little endian.
 
Target info:
------------
Device: STM32F051R8
VTarget = 3.313V
State of Pins: 
TCK: 0, TDI: 0, TDO: 0, TMS: 1, TRES: 1, TRST: 1
Hardware-Breakpoints: 4
Software-Breakpoints: 8192
Watchpoints:          2
JTAG speed: 2000 kHz
 
Erase Done.
Programming Done.
Verify OK.
Rebuild target 'Open32F051C_LCD22_Touch'
compiling main.c...
compiling stm32f0xx_it.c...
compiling usart.c...
compiling LCD_lib.c...
compiling LTM022A69B.c...
compiling User_systick.c...
compiling Touch.c...
compiling system_stm32f0xx.c...
compiling stm32f0xx_gpio.c...
compiling stm32f0xx_usart.c...
compiling stm32f0xx_tim.c...
compiling stm32f0xx_syscfg.c...
compiling stm32f0xx_spi.c...
compiling stm32f0xx_rtc.c...
compiling stm32f0xx_i2c.c...
compiling stm32f0xx_adc.c...
compiling stm32f0xx_cec.c...
compiling stm32f0xx_comp.c...
compiling stm32f0xx_crc.c...
compiling stm32f0xx_dac.c...
compiling stm32f0xx_dbgmcu.c...
compiling stm32f0xx_dma.c...
compiling stm32f0xx_exti.c...
compiling stm32f0xx_flash.c...
compiling stm32f0xx_iwdg.c...
compiling stm32f0xx_misc.c...
compiling stm32f0xx_pwr.c...
compiling stm32f0xx_rcc.c...
compiling stm32f0xx_wwdg.c...
assembling startup_stm32f0xx.s...
linking...
Program Size: Code=8102 RO-data=2530 RW-data=44 ZI-data=1044  
".\Output\Porject.axf" - 0 Error(s), 0 Warning(s).
Load "H:\\嵌入式\\嵌入式实验\\LCD显示（实验三）\\LCD22-Touch\\Project\\Output\\Porject.AXF" 
Set JLink Project File to "H:\嵌入式\嵌入式实验\LCD显示（实验三）\LCD22-Touch\Project\JLinkSettings.ini"
 
JLink info:
------------
DLL: V4.36l, compiled Dec  2 2011 18:52:36
Firmware: J-Link ARM V8 compiled Jun 19 2012 11:29:30
Hardware: V8.00
S/N : 99999994 
Feature(s) : RDI,FlashDL,FlashBP,JFlash,GDBFULL 
 
* JLink Info: Found SWD-DP with ID 0x0BB11477
* JLink Info:   FPUnit: 4 code (BP) slots and 0 literal slots
* JLink Info: Found Cortex-M0 r0p0, Little endian.
ROMTableAddr = 0xE00FF003
* JLink Info: Found SWD-DP with ID 0x0BB11477
* JLink Info:   FPUnit: 4 code (BP) slots and 0 literal slots
* JLink Info: Found Cortex-M0 r0p0, Little endian.
 
Target info:
------------
Device: STM32F051R8
VTarget = 3.313V
State of Pins: 
TCK: 0, TDI: 0, TDO: 0, TMS: 1, TRES: 1, TRST: 1
Hardware-Breakpoints: 4
Software-Breakpoints: 8192
Watchpoints:          2
JTAG speed: 2000 kHz
 
Erase Done.
Programming Done.
Verify OK.
Build target 'Open32F051C_LCD22_Touch'
compiling main.c...
linking...
Program Size: Code=8118 RO-data=2530 RW-data=44 ZI-data=1044  
".\Output\Porject.axf" - 0 Error(s), 0 Warning(s).
Load "H:\\嵌入式\\嵌入式实验\\LCD显示（实验三）\\LCD22-Touch\\Project\\Output\\Porject.AXF" 
Set JLink Project File to "H:\嵌入式\嵌入式实验\LCD显示（实验三）\LCD22-Touch\Project\JLinkSettings.ini"
 
JLink info:
------------
DLL: V4.36l, compiled Dec  2 2011 18:52:36
Firmware: J-Link ARM V8 compiled Jun 19 2012 11:29:30
Hardware: V8.00
S/N : 99999994 
Feature(s) : RDI,FlashDL,FlashBP,JFlash,GDBFULL 
 
* JLink Info: Found SWD-DP with ID 0x0BB11477
* JLink Info:   FPUnit: 4 code (BP) slots and 0 literal slots
* JLink Info: Found Cortex-M0 r0p0, Little endian.
ROMTableAddr = 0xE00FF003
* JLink Info: Found SWD-DP with ID 0x0BB11477
* JLink Info:   FPUnit: 4 code (BP) slots and 0 literal slots
* JLink Info: Found Cortex-M0 r0p0, Little endian.
 
Target info:
------------
Device: STM32F051R8
VTarget = 3.319V
State of Pins: 
TCK: 0, TDI: 0, TDO: 0, TMS: 1, TRES: 1, TRST: 1
Hardware-Breakpoints: 4
Software-Breakpoints: 8192
Watchpoints:          2
JTAG speed: 2000 kHz
 
Erase Done.
Programming Done.
Verify OK.
Build target 'Open32F051C_LCD22_Touch'
compiling main.c...
linking...
Program Size: Code=8146 RO-data=2530 RW-data=44 ZI-data=1044  
".\Output\Porject.axf" - 0 Error(s), 0 Warning(s).
Load "H:\\嵌入式\\嵌入式实验\\LCD显示（实验三）\\LCD22-Touch\\Project\\Output\\Porject.AXF" 
Set JLink Project File to "H:\嵌入式\嵌入式实验\LCD显示（实验三）\LCD22-Touch\Project\JLinkSettings.ini"
 
JLink info:
------------
DLL: V4.36l, compiled Dec  2 2011 18:52:36
Firmware: J-Link ARM V8 compiled Jun 19 2012 11:29:30
Hardware: V8.00
S/N : 99999994 
Feature(s) : RDI,FlashDL,FlashBP,JFlash,GDBFULL 
 
* JLink Info: Found SWD-DP with ID 0x0BB11477
* JLink Info:   FPUnit: 4 code (BP) slots and 0 literal slots
* JLink Info: Found Cortex-M0 r0p0, Little endian.
ROMTableAddr = 0xE00FF003
* JLink Info: Found SWD-DP with ID 0x0BB11477
* JLink Info:   FPUnit: 4 code (BP) slots and 0 literal slots
* JLink Info: Found Cortex-M0 r0p0, Little endian.
 
Target info:
------------
Device: STM32F051R8
VTarget = 3.319V
State of Pins: 
TCK: 0, TDI: 0, TDO: 0, TMS: 1, TRES: 1, TRST: 1
Hardware-Breakpoints: 4
Software-Breakpoints: 8192
Watchpoints:          2
JTAG speed: 2000 kHz
 
Erase Done.
Programming Done.
Verify OK.
Rebuild target 'Open32F051C_LCD22_Touch'
compiling main.c...
compiling stm32f0xx_it.c...
compiling usart.c...
compiling LCD_lib.c...
compiling LTM022A69B.c...
compiling User_systick.c...
compiling Touch.c...
compiling system_stm32f0xx.c...
compiling stm32f0xx_gpio.c...
compiling stm32f0xx_usart.c...
compiling stm32f0xx_tim.c...
compiling stm32f0xx_syscfg.c...
compiling stm32f0xx_spi.c...
compiling stm32f0xx_rtc.c...
compiling stm32f0xx_i2c.c...
compiling stm32f0xx_adc.c...
compiling stm32f0xx_cec.c...
compiling stm32f0xx_comp.c...
compiling stm32f0xx_crc.c...
compiling stm32f0xx_dac.c...
compiling stm32f0xx_dbgmcu.c...
compiling stm32f0xx_dma.c...
compiling stm32f0xx_exti.c...
compiling stm32f0xx_flash.c...
compiling stm32f0xx_iwdg.c...
compiling stm32f0xx_misc.c...
compiling stm32f0xx_pwr.c...
compiling stm32f0xx_rcc.c...
compiling stm32f0xx_wwdg.c...
assembling startup_stm32f0xx.s...
linking...
Program Size: Code=8150 RO-data=2530 RW-data=44 ZI-data=1044  
".\Output\Porject.axf" - 0 Error(s), 0 Warning(s).
Load "H:\\嵌入式\\嵌入式实验\\LCD显示（实验三）\\LCD22-Touch\\Project\\Output\\Porject.AXF" 
Set JLink Project File to "H:\嵌入式\嵌入式实验\LCD显示（实验三）\LCD22-Touch\Project\JLinkSettings.ini"
 
JLink info:
------------
DLL: V4.36l, compiled Dec  2 2011 18:52:36
Firmware: J-Link ARM V8 compiled Jun 19 2012 11:29:30
Hardware: V8.00
S/N : 99999994 
Feature(s) : RDI,FlashDL,FlashBP,JFlash,GDBFULL 
 
* JLink Info: Found SWD-DP with ID 0x0BB11477
* JLink Info:   FPUnit: 4 code (BP) slots and 0 literal slots
* JLink Info: Found Cortex-M0 r0p0, Little endian.
ROMTableAddr = 0xE00FF003
* JLink Info: Found SWD-DP with ID 0x0BB11477
* JLink Info:   FPUnit: 4 code (BP) slots and 0 literal slots
* JLink Info: Found Cortex-M0 r0p0, Little endian.
 
Target info:
------------
Device: STM32F051R8
VTarget = 3.313V
State of Pins: 
TCK: 0, TDI: 0, TDO: 0, TMS: 1, TRES: 1, TRST: 1
Hardware-Breakpoints: 4
Software-Breakpoints: 8192
Watchpoints:          2
JTAG speed: 2000 kHz
 
Erase Done.
Programming Done.
Verify OK.
Rebuild target 'Open32F051C_LCD22_Touch'
compiling main.c...
compiling stm32f0xx_it.c...
compiling usart.c...
compiling LCD_lib.c...
compiling LTM022A69B.c...
compiling User_systick.c...
compiling Touch.c...
compiling system_stm32f0xx.c...
compiling stm32f0xx_gpio.c...
compiling stm32f0xx_usart.c...
compiling stm32f0xx_tim.c...
compiling stm32f0xx_syscfg.c...
compiling stm32f0xx_spi.c...
compiling stm32f0xx_rtc.c...
compiling stm32f0xx_i2c.c...
compiling stm32f0xx_adc.c...
compiling stm32f0xx_cec.c...
compiling stm32f0xx_comp.c...
compiling stm32f0xx_crc.c...
compiling stm32f0xx_dac.c...
compiling stm32f0xx_dbgmcu.c...
compiling stm32f0xx_dma.c...
compiling stm32f0xx_exti.c...
compiling stm32f0xx_flash.c...
compiling stm32f0xx_iwdg.c...
compiling stm32f0xx_misc.c...
compiling stm32f0xx_pwr.c...
compiling stm32f0xx_rcc.c...
compiling stm32f0xx_wwdg.c...
assembling startup_stm32f0xx.s...
linking...
Program Size: Code=8166 RO-data=2530 RW-data=44 ZI-data=1044  
".\Output\Porject.axf" - 0 Error(s), 0 Warning(s).
Rebuild target 'Open32F051C_LCD22_Touch'
compiling main.c...
compiling stm32f0xx_it.c...
compiling usart.c...
compiling LCD_lib.c...
compiling LTM022A69B.c...
compiling User_systick.c...
compiling Touch.c...
compiling system_stm32f0xx.c...
compiling stm32f0xx_gpio.c...
compiling stm32f0xx_usart.c...
compiling stm32f0xx_tim.c...
compiling stm32f0xx_syscfg.c...
compiling stm32f0xx_spi.c...
compiling stm32f0xx_rtc.c...
compiling stm32f0xx_i2c.c...
compiling stm32f0xx_adc.c...
compiling stm32f0xx_cec.c...
compiling stm32f0xx_comp.c...
compiling stm32f0xx_crc.c...
compiling stm32f0xx_dac.c...
compiling stm32f0xx_dbgmcu.c...
compiling stm32f0xx_dma.c...
compiling stm32f0xx_exti.c...
compiling stm32f0xx_flash.c...
compiling stm32f0xx_iwdg.c...
compiling stm32f0xx_misc.c...
compiling stm32f0xx_pwr.c...
compiling stm32f0xx_rcc.c...
compiling stm32f0xx_wwdg.c...
assembling startup_stm32f0xx.s...
linking...
Program Size: Code=8166 RO-data=2530 RW-data=44 ZI-data=1044  
".\Output\Porject.axf" - 0 Error(s), 0 Warning(s).
