ARM Linker, 4.1 [Build 894] [Standard]

==============================================================================

Section Cross References

    main.o(.text) refers to ltm022a69b.o(.text) for lcd_init
    main.o(.text) refers to touch.o(.text) for TOUCH_init
    main.o(.text) refers to main.o(.data) for read_res
    main.o(.text) refers to touch.o(.bss) for touch_dot
    stm32f0xx_it.o(.text) refers to user_systick.o(.text) for TimingDelay_Decrement
    usart.o(.text) refers to stm32f0xx_usart.o(.text) for USART_SendData
    usart.o(.text) refers to stm32f0xx_rcc.o(.text) for RCC_AHBPeriphClockCmd
    usart.o(.text) refers to stm32f0xx_gpio.o(.text) for GPIO_PinAFConfig
    usart.o(.text) refers to stm32f0xx_misc.o(.text) for NVIC_Init
    ltm022a69b.o(.text) refers to stm32f0xx_rcc.o(.text) for RCC_AHBPeriphClockCmd
    ltm022a69b.o(.text) refers to stm32f0xx_gpio.o(.text) for GPIO_PinAFConfig
    ltm022a69b.o(.text) refers to stm32f0xx_spi.o(.text) for SPI_Init
    ltm022a69b.o(.text) refers to user_systick.o(.text) for delay_10us
    ltm022a69b.o(.text) refers to lcd_lib.o(.constdata) for ascii
    ltm022a69b.o(.text) refers to ltm022a69b.o(.constdata) for color
    ltm022a69b.o(.text) refers to uidiv.o(.text) for __aeabi_uidivmod
    user_systick.o(.text) refers to stm32f0xx_misc.o(.text) for SysTick_CLKSourceConfig
    user_systick.o(.text) refers to user_systick.o(.data) for TimingDelay
    touch.o(.text) refers to stm32f0xx_rcc.o(.text) for RCC_AHBPeriphClockCmd
    touch.o(.text) refers to stm32f0xx_gpio.o(.text) for GPIO_Init
    touch.o(.text) refers to ltm022a69b.o(.text) for SPI0_communication
    touch.o(.text) refers to uidiv.o(.text) for __aeabi_uidivmod
    touch.o(.text) refers to touch.o(.bss) for touch_dot
    system_stm32f0xx.o(.text) refers to uidiv.o(.text) for __aeabi_uidivmod
    system_stm32f0xx.o(.text) refers to system_stm32f0xx.o(.data) for SystemCoreClock
    stm32f0xx_gpio.o(.text) refers to stm32f0xx_rcc.o(.text) for RCC_AHBPeriphResetCmd
    stm32f0xx_usart.o(.text) refers to stm32f0xx_rcc.o(.text) for RCC_APB2PeriphResetCmd
    stm32f0xx_usart.o(.text) refers to uidiv.o(.text) for __aeabi_uidivmod
    stm32f0xx_tim.o(.text) refers to stm32f0xx_rcc.o(.text) for RCC_APB2PeriphResetCmd
    stm32f0xx_spi.o(.text) refers to stm32f0xx_rcc.o(.text) for RCC_APB2PeriphResetCmd
    stm32f0xx_spi.o(.text) refers to uidiv.o(.text) for __aeabi_uidivmod
    stm32f0xx_i2c.o(.text) refers to stm32f0xx_rcc.o(.text) for RCC_APB1PeriphResetCmd
    stm32f0xx_adc.o(.text) refers to stm32f0xx_rcc.o(.text) for RCC_APB2PeriphResetCmd
    stm32f0xx_cec.o(.text) refers to stm32f0xx_rcc.o(.text) for RCC_APB1PeriphResetCmd
    stm32f0xx_dac.o(.text) refers to stm32f0xx_rcc.o(.text) for RCC_APB1PeriphResetCmd
    stm32f0xx_pwr.o(.text) refers to stm32f0xx_rcc.o(.text) for RCC_APB1PeriphResetCmd
    stm32f0xx_rcc.o(.text) refers to uidiv.o(.text) for __aeabi_uidivmod
    stm32f0xx_rcc.o(.text) refers to stm32f0xx_rcc.o(.data) for APBAHBPrescTable
    stm32f0xx_wwdg.o(.text) refers to stm32f0xx_rcc.o(.text) for RCC_APB1PeriphResetCmd
    startup_stm32f0xx.o(RESET) refers to startup_stm32f0xx.o(STACK) for __initial_sp
    startup_stm32f0xx.o(RESET) refers to startup_stm32f0xx.o(.text) for Reset_Handler
    startup_stm32f0xx.o(RESET) refers to stm32f0xx_it.o(.text) for NMI_Handler
    startup_stm32f0xx.o(.text) refers to system_stm32f0xx.o(.text) for SystemInit
    startup_stm32f0xx.o(.text) refers to entry.o(.ARM.Collect$$$$00000000) for __main
    entry.o(.ARM.Collect$$$$00000000) refers (Special) to entry7b.o(.ARM.Collect$$$$00000008) for _main_clock
    entry.o(.ARM.Collect$$$$00000000) refers (Special) to entry8.o(.ARM.Collect$$$$00000009) for _main_init
    entry.o(.ARM.Collect$$$$00000000) refers (Special) to entry5.o(.ARM.Collect$$$$00000004) for _main_scatterload
    entry.o(.ARM.Collect$$$$00000000) refers (Special) to entry2.o(.ARM.Collect$$$$00000001) for _main_stk
    entry2.o(.ARM.Collect$$$$00000001) refers to entry2.o(.ARM.Collect$$$$00002712) for __lit__00000000
    entry2.o(.ARM.Collect$$$$00002712) refers to startup_stm32f0xx.o(STACK) for __initial_sp
    entry2.o(__vectab_stack_and_reset_area) refers to startup_stm32f0xx.o(STACK) for __initial_sp
    entry2.o(__vectab_stack_and_reset_area) refers to entry.o(.ARM.Collect$$$$00000000) for __main
    entry5.o(.ARM.Collect$$$$00000004) refers to init.o(.text) for __scatterload
    entry8.o(.ARM.Collect$$$$00000009) refers to main.o(.text) for main
    init.o(.text) refers to entry5.o(.ARM.Collect$$$$00000004) for __main_after_scatterload


==============================================================================

Removing Unused input sections from the image.

    Removing main.o(.emb_text), (8 bytes).
    Removing stm32f0xx_it.o(.emb_text), (8 bytes).
    Removing usart.o(.emb_text), (8 bytes).
    Removing usart.o(.text), (200 bytes).
    Removing ltm022a69b.o(.emb_text), (8 bytes).
    Removing user_systick.o(.emb_text), (8 bytes).
    Removing touch.o(.emb_text), (8 bytes).
    Removing touch.o(.data), (4 bytes).
    Removing system_stm32f0xx.o(.emb_text), (8 bytes).
    Removing stm32f0xx_gpio.o(.emb_text), (8 bytes).
    Removing stm32f0xx_usart.o(.emb_text), (8 bytes).
    Removing stm32f0xx_usart.o(.text), (1350 bytes).
    Removing stm32f0xx_tim.o(.emb_text), (8 bytes).
    Removing stm32f0xx_tim.o(.text), (3020 bytes).
    Removing stm32f0xx_syscfg.o(.emb_text), (8 bytes).
    Removing stm32f0xx_syscfg.o(.text), (240 bytes).
    Removing stm32f0xx_spi.o(.emb_text), (8 bytes).
    Removing stm32f0xx_rtc.o(.emb_text), (8 bytes).
    Removing stm32f0xx_rtc.o(.text), (2864 bytes).
    Removing stm32f0xx_i2c.o(.emb_text), (8 bytes).
    Removing stm32f0xx_i2c.o(.text), (1170 bytes).
    Removing stm32f0xx_adc.o(.emb_text), (8 bytes).
    Removing stm32f0xx_adc.o(.text), (736 bytes).
    Removing stm32f0xx_cec.o(.emb_text), (8 bytes).
    Removing stm32f0xx_cec.o(.text), (332 bytes).
    Removing stm32f0xx_comp.o(.emb_text), (8 bytes).
    Removing stm32f0xx_comp.o(.text), (228 bytes).
    Removing stm32f0xx_crc.o(.emb_text), (8 bytes).
    Removing stm32f0xx_crc.o(.text), (160 bytes).
    Removing stm32f0xx_dac.o(.emb_text), (8 bytes).
    Removing stm32f0xx_dac.o(.text), (352 bytes).
    Removing stm32f0xx_dbgmcu.o(.emb_text), (8 bytes).
    Removing stm32f0xx_dbgmcu.o(.text), (108 bytes).
    Removing stm32f0xx_dma.o(.emb_text), (8 bytes).
    Removing stm32f0xx_dma.o(.text), (364 bytes).
    Removing stm32f0xx_exti.o(.emb_text), (8 bytes).
    Removing stm32f0xx_exti.o(.text), (260 bytes).
    Removing stm32f0xx_flash.o(.emb_text), (8 bytes).
    Removing stm32f0xx_flash.o(.text), (1492 bytes).
    Removing stm32f0xx_iwdg.o(.emb_text), (8 bytes).
    Removing stm32f0xx_iwdg.o(.text), (72 bytes).
    Removing stm32f0xx_misc.o(.emb_text), (8 bytes).
    Removing stm32f0xx_pwr.o(.emb_text), (8 bytes).
    Removing stm32f0xx_pwr.o(.text), (312 bytes).
    Removing stm32f0xx_rcc.o(.emb_text), (8 bytes).
    Removing stm32f0xx_wwdg.o(.emb_text), (8 bytes).
    Removing stm32f0xx_wwdg.o(.text), (136 bytes).
    Removing startup_stm32f0xx.o(HEAP), (512 bytes).

48 unused section(s) (total 14136 bytes) removed from the image.

==============================================================================

Image Symbol Table

    Local Symbols

    Symbol Name                              Value     Ov Type        Size  Object(Section)

    ../../microlib/division.c                0x00000000   Number         0  uidiv.o ABSOLUTE
    ../../microlib/init/entry.s              0x00000000   Number         0  entry8.o ABSOLUTE
    ../../microlib/init/entry.s              0x00000000   Number         0  entry7b.o ABSOLUTE
    ../../microlib/init/entry.s              0x00000000   Number         0  entry7a.o ABSOLUTE
    ../../microlib/init/entry.s              0x00000000   Number         0  entry5.o ABSOLUTE
    ../../microlib/init/entry.s              0x00000000   Number         0  entry2.o ABSOLUTE
    ../../microlib/init/entry.s              0x00000000   Number         0  entry.o ABSOLUTE
    ..\Libraries\CMSIS\Device\Source\startup_stm32f0xx.s 0x00000000   Number         0  startup_stm32f0xx.o ABSOLUTE
    ..\Libraries\CMSIS\Device\Source\system_stm32f0xx.c 0x00000000   Number         0  system_stm32f0xx.o ABSOLUTE
    ..\Libraries\STM32F0xx_StdPeriph_Driver\src\stm32f0xx_adc.c 0x00000000   Number         0  stm32f0xx_adc.o ABSOLUTE
    ..\Libraries\STM32F0xx_StdPeriph_Driver\src\stm32f0xx_cec.c 0x00000000   Number         0  stm32f0xx_cec.o ABSOLUTE
    ..\Libraries\STM32F0xx_StdPeriph_Driver\src\stm32f0xx_comp.c 0x00000000   Number         0  stm32f0xx_comp.o ABSOLUTE
    ..\Libraries\STM32F0xx_StdPeriph_Driver\src\stm32f0xx_crc.c 0x00000000   Number         0  stm32f0xx_crc.o ABSOLUTE
    ..\Libraries\STM32F0xx_StdPeriph_Driver\src\stm32f0xx_dac.c 0x00000000   Number         0  stm32f0xx_dac.o ABSOLUTE
    ..\Libraries\STM32F0xx_StdPeriph_Driver\src\stm32f0xx_dbgmcu.c 0x00000000   Number         0  stm32f0xx_dbgmcu.o ABSOLUTE
    ..\Libraries\STM32F0xx_StdPeriph_Driver\src\stm32f0xx_dma.c 0x00000000   Number         0  stm32f0xx_dma.o ABSOLUTE
    ..\Libraries\STM32F0xx_StdPeriph_Driver\src\stm32f0xx_exti.c 0x00000000   Number         0  stm32f0xx_exti.o ABSOLUTE
    ..\Libraries\STM32F0xx_StdPeriph_Driver\src\stm32f0xx_flash.c 0x00000000   Number         0  stm32f0xx_flash.o ABSOLUTE
    ..\Libraries\STM32F0xx_StdPeriph_Driver\src\stm32f0xx_gpio.c 0x00000000   Number         0  stm32f0xx_gpio.o ABSOLUTE
    ..\Libraries\STM32F0xx_StdPeriph_Driver\src\stm32f0xx_i2c.c 0x00000000   Number         0  stm32f0xx_i2c.o ABSOLUTE
    ..\Libraries\STM32F0xx_StdPeriph_Driver\src\stm32f0xx_iwdg.c 0x00000000   Number         0  stm32f0xx_iwdg.o ABSOLUTE
    ..\Libraries\STM32F0xx_StdPeriph_Driver\src\stm32f0xx_misc.c 0x00000000   Number         0  stm32f0xx_misc.o ABSOLUTE
    ..\Libraries\STM32F0xx_StdPeriph_Driver\src\stm32f0xx_pwr.c 0x00000000   Number         0  stm32f0xx_pwr.o ABSOLUTE
    ..\Libraries\STM32F0xx_StdPeriph_Driver\src\stm32f0xx_rcc.c 0x00000000   Number         0  stm32f0xx_rcc.o ABSOLUTE
    ..\Libraries\STM32F0xx_StdPeriph_Driver\src\stm32f0xx_rtc.c 0x00000000   Number         0  stm32f0xx_rtc.o ABSOLUTE
    ..\Libraries\STM32F0xx_StdPeriph_Driver\src\stm32f0xx_spi.c 0x00000000   Number         0  stm32f0xx_spi.o ABSOLUTE
    ..\Libraries\STM32F0xx_StdPeriph_Driver\src\stm32f0xx_syscfg.c 0x00000000   Number         0  stm32f0xx_syscfg.o ABSOLUTE
    ..\Libraries\STM32F0xx_StdPeriph_Driver\src\stm32f0xx_tim.c 0x00000000   Number         0  stm32f0xx_tim.o ABSOLUTE
    ..\Libraries\STM32F0xx_StdPeriph_Driver\src\stm32f0xx_usart.c 0x00000000   Number         0  stm32f0xx_usart.o ABSOLUTE
    ..\Libraries\STM32F0xx_StdPeriph_Driver\src\stm32f0xx_wwdg.c 0x00000000   Number         0  stm32f0xx_wwdg.o ABSOLUTE
    ..\User\LCD_lib.c                        0x00000000   Number         0  lcd_lib.o ABSOLUTE
    ..\User\LTM022A69B.c                     0x00000000   Number         0  ltm022a69b.o ABSOLUTE
    ..\User\Touch.c                          0x00000000   Number         0  touch.o ABSOLUTE
    ..\User\User_systick.c                   0x00000000   Number         0  user_systick.o ABSOLUTE
    ..\User\main.c                           0x00000000   Number         0  main.o ABSOLUTE
    ..\User\stm32f0xx_it.c                   0x00000000   Number         0  stm32f0xx_it.o ABSOLUTE
    ..\User\usart.c                          0x00000000   Number         0  usart.o ABSOLUTE
    ..\\Libraries\\CMSIS\\Device\\Source\\system_stm32f0xx.c 0x00000000   Number         0  system_stm32f0xx.o ABSOLUTE
    ..\\Libraries\\STM32F0xx_StdPeriph_Driver\\src\\stm32f0xx_adc.c 0x00000000   Number         0  stm32f0xx_adc.o ABSOLUTE
    ..\\Libraries\\STM32F0xx_StdPeriph_Driver\\src\\stm32f0xx_cec.c 0x00000000   Number         0  stm32f0xx_cec.o ABSOLUTE
    ..\\Libraries\\STM32F0xx_StdPeriph_Driver\\src\\stm32f0xx_comp.c 0x00000000   Number         0  stm32f0xx_comp.o ABSOLUTE
    ..\\Libraries\\STM32F0xx_StdPeriph_Driver\\src\\stm32f0xx_crc.c 0x00000000   Number         0  stm32f0xx_crc.o ABSOLUTE
    ..\\Libraries\\STM32F0xx_StdPeriph_Driver\\src\\stm32f0xx_dac.c 0x00000000   Number         0  stm32f0xx_dac.o ABSOLUTE
    ..\\Libraries\\STM32F0xx_StdPeriph_Driver\\src\\stm32f0xx_dbgmcu.c 0x00000000   Number         0  stm32f0xx_dbgmcu.o ABSOLUTE
    ..\\Libraries\\STM32F0xx_StdPeriph_Driver\\src\\stm32f0xx_dma.c 0x00000000   Number         0  stm32f0xx_dma.o ABSOLUTE
    ..\\Libraries\\STM32F0xx_StdPeriph_Driver\\src\\stm32f0xx_exti.c 0x00000000   Number         0  stm32f0xx_exti.o ABSOLUTE
    ..\\Libraries\\STM32F0xx_StdPeriph_Driver\\src\\stm32f0xx_flash.c 0x00000000   Number         0  stm32f0xx_flash.o ABSOLUTE
    ..\\Libraries\\STM32F0xx_StdPeriph_Driver\\src\\stm32f0xx_gpio.c 0x00000000   Number         0  stm32f0xx_gpio.o ABSOLUTE
    ..\\Libraries\\STM32F0xx_StdPeriph_Driver\\src\\stm32f0xx_i2c.c 0x00000000   Number         0  stm32f0xx_i2c.o ABSOLUTE
    ..\\Libraries\\STM32F0xx_StdPeriph_Driver\\src\\stm32f0xx_iwdg.c 0x00000000   Number         0  stm32f0xx_iwdg.o ABSOLUTE
    ..\\Libraries\\STM32F0xx_StdPeriph_Driver\\src\\stm32f0xx_misc.c 0x00000000   Number         0  stm32f0xx_misc.o ABSOLUTE
    ..\\Libraries\\STM32F0xx_StdPeriph_Driver\\src\\stm32f0xx_pwr.c 0x00000000   Number         0  stm32f0xx_pwr.o ABSOLUTE
    ..\\Libraries\\STM32F0xx_StdPeriph_Driver\\src\\stm32f0xx_rcc.c 0x00000000   Number         0  stm32f0xx_rcc.o ABSOLUTE
    ..\\Libraries\\STM32F0xx_StdPeriph_Driver\\src\\stm32f0xx_rtc.c 0x00000000   Number         0  stm32f0xx_rtc.o ABSOLUTE
    ..\\Libraries\\STM32F0xx_StdPeriph_Driver\\src\\stm32f0xx_spi.c 0x00000000   Number         0  stm32f0xx_spi.o ABSOLUTE
    ..\\Libraries\\STM32F0xx_StdPeriph_Driver\\src\\stm32f0xx_syscfg.c 0x00000000   Number         0  stm32f0xx_syscfg.o ABSOLUTE
    ..\\Libraries\\STM32F0xx_StdPeriph_Driver\\src\\stm32f0xx_tim.c 0x00000000   Number         0  stm32f0xx_tim.o ABSOLUTE
    ..\\Libraries\\STM32F0xx_StdPeriph_Driver\\src\\stm32f0xx_usart.c 0x00000000   Number         0  stm32f0xx_usart.o ABSOLUTE
    ..\\Libraries\\STM32F0xx_StdPeriph_Driver\\src\\stm32f0xx_wwdg.c 0x00000000   Number         0  stm32f0xx_wwdg.o ABSOLUTE
    ..\\User\\LTM022A69B.c                   0x00000000   Number         0  ltm022a69b.o ABSOLUTE
    ..\\User\\Touch.c                        0x00000000   Number         0  touch.o ABSOLUTE
    ..\\User\\User_systick.c                 0x00000000   Number         0  user_systick.o ABSOLUTE
    ..\\User\\main.c                         0x00000000   Number         0  main.o ABSOLUTE
    ..\\User\\stm32f0xx_it.c                 0x00000000   Number         0  stm32f0xx_it.o ABSOLUTE
    ..\\User\\usart.c                        0x00000000   Number         0  usart.o ABSOLUTE
    dc.s                                     0x00000000   Number         0  dc.o ABSOLUTE
    handlers.s                               0x00000000   Number         0  handlers.o ABSOLUTE
    init.s                                   0x00000000   Number         0  init.o ABSOLUTE
    RESET                                    0x08000000   Section      192  startup_stm32f0xx.o(RESET)
    .ARM.Collect$$$$00000000                 0x080000c0   Section        0  entry.o(.ARM.Collect$$$$00000000)
    .ARM.Collect$$$$00000001                 0x080000c0   Section        4  entry2.o(.ARM.Collect$$$$00000001)
    .ARM.Collect$$$$00000004                 0x080000c4   Section        4  entry5.o(.ARM.Collect$$$$00000004)
    .ARM.Collect$$$$00000008                 0x080000c8   Section        0  entry7b.o(.ARM.Collect$$$$00000008)
    .ARM.Collect$$$$00000009                 0x080000c8   Section        8  entry8.o(.ARM.Collect$$$$00000009)
    .ARM.Collect$$$$00002712                 0x080000d0   Section        4  entry2.o(.ARM.Collect$$$$00002712)
    __lit__00000000                          0x080000d0   Data           4  entry2.o(.ARM.Collect$$$$00002712)
    .text                                    0x080000d4   Section        0  main.o(.text)
    .text                                    0x08000300   Section        0  stm32f0xx_it.o(.text)
    .text                                    0x08000314   Section        0  ltm022a69b.o(.text)
    .text                                    0x08001014   Section        0  user_systick.o(.text)
    SysTick_Config                           0x08001015   Thumb Code    46  user_systick.o(.text)
    NVIC_SetPriority                         0x0800109b   Thumb Code   110  user_systick.o(.text)
    .text                                    0x08001120   Section        0  touch.o(.text)
    .text                                    0x08001428   Section        0  system_stm32f0xx.o(.text)
    SetSysClock                              0x08001429   Thumb Code   182  system_stm32f0xx.o(.text)
    .text                                    0x08001608   Section        0  stm32f0xx_gpio.o(.text)
    .text                                    0x080017e8   Section        0  stm32f0xx_spi.o(.text)
    .text                                    0x08001ba0   Section        0  stm32f0xx_misc.o(.text)
    .text                                    0x08001c54   Section        0  stm32f0xx_rcc.o(.text)
    .text                                    0x08002240   Section       28  startup_stm32f0xx.o(.text)
    .text                                    0x0800225c   Section        0  uidiv.o(.text)
    .text                                    0x08002288   Section       36  init.o(.text)
    i.__scatterload_copy                     0x080022ac   Section       14  handlers.o(i.__scatterload_copy)
    i.__scatterload_null                     0x080022ba   Section        2  handlers.o(i.__scatterload_null)
    i.__scatterload_zeroinit                 0x080022bc   Section       14  handlers.o(i.__scatterload_zeroinit)
    .constdata                               0x080022ca   Section     3072  lcd_lib.o(.constdata)
    .constdata                               0x08002ecc   Section       32  ltm022a69b.o(.constdata)
    .data                                    0x20000000   Section        1  main.o(.data)
    .data                                    0x20000004   Section        4  user_systick.o(.data)
    TimingDelay                              0x20000004   Data           4  user_systick.o(.data)
    .data                                    0x20000008   Section       20  system_stm32f0xx.o(.data)
    .data                                    0x2000001c   Section       16  stm32f0xx_rcc.o(.data)
    APBAHBPrescTable                         0x2000001c   Data          16  stm32f0xx_rcc.o(.data)
    .bss                                     0x2000002c   Section       20  touch.o(.bss)
    STACK                                    0x20000040   Section     1024  startup_stm32f0xx.o(STACK)

    Global Symbols

    Symbol Name                              Value     Ov Type        Size  Object(Section)

    BuildAttributes$$THM_ISAv3M$S$PE$A:L22$X:L11$S22$IEEE1$IW$USESV6$~STKCKD$USESV7$~SHL$OSPACE$EBA8$MICROLIB$REQ8$PRES8$EABIv2 0x00000000   Number         0  anon$$obj.o ABSOLUTE
    __ARM_use_no_argv                        0x00000000   Number         0  main.o ABSOLUTE
    __decompress                              - Undefined Weak Reference
    _clock_init                               - Undefined Weak Reference
    __Vectors_Size                           0x000000c0   Number         0  startup_stm32f0xx.o ABSOLUTE
    __Vectors                                0x08000000   Data           4  startup_stm32f0xx.o(RESET)
    __Vectors_End                            0x080000c0   Data           0  startup_stm32f0xx.o(RESET)
    __main                                   0x080000c1   Thumb Code     0  entry.o(.ARM.Collect$$$$00000000)
    _main_stk                                0x080000c1   Thumb Code     0  entry2.o(.ARM.Collect$$$$00000001)
    _main_scatterload                        0x080000c5   Thumb Code     0  entry5.o(.ARM.Collect$$$$00000004)
    __main_after_scatterload                 0x080000c9   Thumb Code     0  entry5.o(.ARM.Collect$$$$00000004)
    _main_clock                              0x080000c9   Thumb Code     0  entry7b.o(.ARM.Collect$$$$00000008)
    _main_init                               0x080000c9   Thumb Code     0  entry8.o(.ARM.Collect$$$$00000009)
    main                                     0x080000d5   Thumb Code   442  main.o(.text)
    NMI_Handler                              0x08000301   Thumb Code     2  stm32f0xx_it.o(.text)
    HardFault_Handler                        0x08000303   Thumb Code     4  stm32f0xx_it.o(.text)
    SVC_Handler                              0x08000307   Thumb Code     2  stm32f0xx_it.o(.text)
    PendSV_Handler                           0x08000309   Thumb Code     2  stm32f0xx_it.o(.text)
    SysTick_Handler                          0x0800030b   Thumb Code     8  stm32f0xx_it.o(.text)
    SPI0_Init                                0x08000315   Thumb Code   146  ltm022a69b.o(.text)
    SPI0_communication                       0x080003a7   Thumb Code    48  ltm022a69b.o(.text)
    LCD_WRITE_REG                            0x080003d7   Thumb Code    66  ltm022a69b.o(.text)
    LCD_SEND_COMMAND                         0x08000419   Thumb Code    96  ltm022a69b.o(.text)
    LCD_WRITE_COMMAND                        0x08000479   Thumb Code    96  ltm022a69b.o(.text)
    LCD_WRITE_DATA                           0x080004d9   Thumb Code    20  ltm022a69b.o(.text)
    lcd_ctrl_port_init                       0x080004ed   Thumb Code    56  ltm022a69b.o(.text)
    lcd_clear_screen                         0x08000525   Thumb Code   144  ltm022a69b.o(.text)
    lcd_init                                 0x080005b5   Thumb Code   620  ltm022a69b.o(.text)
    lcd_clear_area                           0x08000821   Thumb Code   128  ltm022a69b.o(.text)
    lcd_set_cursor                           0x080008a1   Thumb Code    42  ltm022a69b.o(.text)
    lcd_display_char                         0x080008cb   Thumb Code   192  ltm022a69b.o(.text)
    lcd_display_string                       0x0800098b   Thumb Code    64  ltm022a69b.o(.text)
    lcd_display_GB2312                       0x080009cb   Thumb Code   190  ltm022a69b.o(.text)
    lcd_display_32x29                        0x08000a89   Thumb Code   262  ltm022a69b.o(.text)
    lcd_display_image                        0x08000b8f   Thumb Code   172  ltm022a69b.o(.text)
    lcd_display_test                         0x08000c3b   Thumb Code   366  ltm022a69b.o(.text)
    Swap                                     0x08000da9   Thumb Code    10  ltm022a69b.o(.text)
    lcd_draw_dot                             0x08000db3   Thumb Code   112  ltm022a69b.o(.text)
    lcd_draw_bigdot                          0x08000e23   Thumb Code   112  ltm022a69b.o(.text)
    lcd_draw_line                            0x08000e93   Thumb Code   226  ltm022a69b.o(.text)
    mypow                                    0x08000f75   Thumb Code    26  ltm022a69b.o(.text)
    lcd_display_number                       0x08000f8f   Thumb Code   128  ltm022a69b.o(.text)
    delay_1ms                                0x08001043   Thumb Code    34  user_systick.o(.text)
    delay_10us                               0x08001065   Thumb Code    34  user_systick.o(.text)
    TimingDelay_Decrement                    0x08001087   Thumb Code    20  user_systick.o(.text)
    TOUCH_init                               0x08001121   Thumb Code    90  touch.o(.text)
    TOUCH_WRITE_REG                          0x0800117b   Thumb Code    60  touch.o(.text)
    TOUCH_WRITE_COMMAND                      0x080011b7   Thumb Code    96  touch.o(.text)
    TOUCH_WRITE_DATA                         0x08001217   Thumb Code    20  touch.o(.text)
    GetTouchADC                              0x0800122b   Thumb Code    66  touch.o(.text)
    GetTouchADCEx                            0x0800126d   Thumb Code   112  touch.o(.text)
    Read_ADS                                 0x080012dd   Thumb Code    42  touch.o(.text)
    Read_ADS2                                0x08001307   Thumb Code   140  touch.o(.text)
    convert_ad_to_xy                         0x08001393   Thumb Code    50  touch.o(.text)
    Read_Once                                0x080013c5   Thumb Code    42  touch.o(.text)
    Read_Continue                            0x080013ef   Thumb Code    28  touch.o(.text)
    SystemInit                               0x080014df   Thumb Code   110  system_stm32f0xx.o(.text)
    SystemCoreClockUpdate                    0x0800154d   Thumb Code   154  system_stm32f0xx.o(.text)
    GPIO_DeInit                              0x08001609   Thumb Code   132  stm32f0xx_gpio.o(.text)
    GPIO_Init                                0x0800168d   Thumb Code   144  stm32f0xx_gpio.o(.text)
    GPIO_StructInit                          0x0800171d   Thumb Code    20  stm32f0xx_gpio.o(.text)
    GPIO_PinLockConfig                       0x08001731   Thumb Code    22  stm32f0xx_gpio.o(.text)
    GPIO_ReadInputDataBit                    0x08001747   Thumb Code    18  stm32f0xx_gpio.o(.text)
    GPIO_ReadInputData                       0x08001759   Thumb Code     6  stm32f0xx_gpio.o(.text)
    GPIO_ReadOutputDataBit                   0x0800175f   Thumb Code    18  stm32f0xx_gpio.o(.text)
    GPIO_ReadOutputData                      0x08001771   Thumb Code     6  stm32f0xx_gpio.o(.text)
    GPIO_SetBits                             0x08001777   Thumb Code     4  stm32f0xx_gpio.o(.text)
    GPIO_ResetBits                           0x0800177b   Thumb Code     4  stm32f0xx_gpio.o(.text)
    GPIO_WriteBit                            0x0800177f   Thumb Code    12  stm32f0xx_gpio.o(.text)
    GPIO_Write                               0x0800178b   Thumb Code     4  stm32f0xx_gpio.o(.text)
    GPIO_PinAFConfig                         0x0800178f   Thumb Code    68  stm32f0xx_gpio.o(.text)
    SPI_I2S_DeInit                           0x080017e9   Thumb Code    52  stm32f0xx_spi.o(.text)
    SPI_StructInit                           0x0800181d   Thumb Code    30  stm32f0xx_spi.o(.text)
    SPI_Init                                 0x0800183b   Thumb Code    76  stm32f0xx_spi.o(.text)
    I2S_StructInit                           0x08001887   Thumb Code    20  stm32f0xx_spi.o(.text)
    I2S_Init                                 0x0800189b   Thumb Code   228  stm32f0xx_spi.o(.text)
    SPI_Cmd                                  0x0800197f   Thumb Code    26  stm32f0xx_spi.o(.text)
    SPI_TIModeCmd                            0x08001999   Thumb Code    26  stm32f0xx_spi.o(.text)
    I2S_Cmd                                  0x080019b3   Thumb Code    26  stm32f0xx_spi.o(.text)
    SPI_DataSizeConfig                       0x080019cd   Thumb Code    20  stm32f0xx_spi.o(.text)
    SPI_RxFIFOThresholdConfig                0x080019e1   Thumb Code    16  stm32f0xx_spi.o(.text)
    SPI_BiDirectionalLineConfig              0x080019f1   Thumb Code    28  stm32f0xx_spi.o(.text)
    SPI_NSSInternalSoftwareConfig            0x08001a0d   Thumb Code    32  stm32f0xx_spi.o(.text)
    SPI_SSOutputCmd                          0x08001a2d   Thumb Code    24  stm32f0xx_spi.o(.text)
    SPI_NSSPulseModeCmd                      0x08001a45   Thumb Code    26  stm32f0xx_spi.o(.text)
    SPI_SendData8                            0x08001a5f   Thumb Code    10  stm32f0xx_spi.o(.text)
    SPI_I2S_SendData16                       0x08001a69   Thumb Code     4  stm32f0xx_spi.o(.text)
    SPI_ReceiveData8                         0x08001a6d   Thumb Code    12  stm32f0xx_spi.o(.text)
    SPI_I2S_ReceiveData16                    0x08001a79   Thumb Code     6  stm32f0xx_spi.o(.text)
    SPI_CRCLengthConfig                      0x08001a7f   Thumb Code    16  stm32f0xx_spi.o(.text)
    SPI_CalculateCRC                         0x08001a8f   Thumb Code    26  stm32f0xx_spi.o(.text)
    SPI_TransmitCRC                          0x08001aa9   Thumb Code    12  stm32f0xx_spi.o(.text)
    SPI_GetCRC                               0x08001ab5   Thumb Code    16  stm32f0xx_spi.o(.text)
    SPI_GetCRCPolynomial                     0x08001ac5   Thumb Code     6  stm32f0xx_spi.o(.text)
    SPI_I2S_DMACmd                           0x08001acb   Thumb Code    20  stm32f0xx_spi.o(.text)
    SPI_LastDMATransferCmd                   0x08001adf   Thumb Code    16  stm32f0xx_spi.o(.text)
    SPI_I2S_ITConfig                         0x08001aef   Thumb Code    34  stm32f0xx_spi.o(.text)
    SPI_GetTransmissionFIFOStatus            0x08001b11   Thumb Code    12  stm32f0xx_spi.o(.text)
    SPI_GetReceptionFIFOStatus               0x08001b1d   Thumb Code    12  stm32f0xx_spi.o(.text)
    SPI_I2S_GetFlagStatus                    0x08001b29   Thumb Code    18  stm32f0xx_spi.o(.text)
    SPI_I2S_ClearFlag                        0x08001b3b   Thumb Code     6  stm32f0xx_spi.o(.text)
    SPI_I2S_GetITStatus                      0x08001b41   Thumb Code    54  stm32f0xx_spi.o(.text)
    NVIC_Init                                0x08001ba1   Thumb Code   106  stm32f0xx_misc.o(.text)
    NVIC_SystemLPConfig                      0x08001c0b   Thumb Code    28  stm32f0xx_misc.o(.text)
    SysTick_CLKSourceConfig                  0x08001c27   Thumb Code    32  stm32f0xx_misc.o(.text)
    RCC_DeInit                               0x08001c55   Thumb Code   104  stm32f0xx_rcc.o(.text)
    RCC_HSEConfig                            0x08001cbd   Thumb Code    12  stm32f0xx_rcc.o(.text)
    RCC_GetFlagStatus                        0x08001cc9   Thumb Code    66  stm32f0xx_rcc.o(.text)
    RCC_WaitForHSEStartUp                    0x08001d0b   Thumb Code    52  stm32f0xx_rcc.o(.text)
    RCC_AdjustHSICalibrationValue            0x08001d3f   Thumb Code    26  stm32f0xx_rcc.o(.text)
    RCC_HSICmd                               0x08001d59   Thumb Code    32  stm32f0xx_rcc.o(.text)
    RCC_AdjustHSI14CalibrationValue          0x08001d79   Thumb Code    26  stm32f0xx_rcc.o(.text)
    RCC_HSI14Cmd                             0x08001d93   Thumb Code    32  stm32f0xx_rcc.o(.text)
    RCC_HSI14ADCRequestCmd                   0x08001db3   Thumb Code    32  stm32f0xx_rcc.o(.text)
    RCC_LSEConfig                            0x08001dd3   Thumb Code    34  stm32f0xx_rcc.o(.text)
    RCC_LSEDriveConfig                       0x08001df5   Thumb Code    22  stm32f0xx_rcc.o(.text)
    RCC_LSICmd                               0x08001e0b   Thumb Code    32  stm32f0xx_rcc.o(.text)
    RCC_PLLConfig                            0x08001e2b   Thumb Code    30  stm32f0xx_rcc.o(.text)
    RCC_PLLCmd                               0x08001e49   Thumb Code    36  stm32f0xx_rcc.o(.text)
    RCC_PREDIV1Config                        0x08001e6d   Thumb Code    24  stm32f0xx_rcc.o(.text)
    RCC_ClockSecuritySystemCmd               0x08001e85   Thumb Code    36  stm32f0xx_rcc.o(.text)
    RCC_MCOConfig                            0x08001ea9   Thumb Code     6  stm32f0xx_rcc.o(.text)
    RCC_SYSCLKConfig                         0x08001eaf   Thumb Code    24  stm32f0xx_rcc.o(.text)
    RCC_GetSYSCLKSource                      0x08001ec7   Thumb Code    10  stm32f0xx_rcc.o(.text)
    RCC_HCLKConfig                           0x08001ed1   Thumb Code    28  stm32f0xx_rcc.o(.text)
    RCC_PCLKConfig                           0x08001eed   Thumb Code    30  stm32f0xx_rcc.o(.text)
    RCC_ADCCLKConfig                         0x08001f0b   Thumb Code    52  stm32f0xx_rcc.o(.text)
    RCC_CECCLKConfig                         0x08001f3f   Thumb Code    22  stm32f0xx_rcc.o(.text)
    RCC_I2CCLKConfig                         0x08001f55   Thumb Code    22  stm32f0xx_rcc.o(.text)
    RCC_USARTCLKConfig                       0x08001f6b   Thumb Code    22  stm32f0xx_rcc.o(.text)
    RCC_GetClocksFreq                        0x08001f81   Thumb Code   368  stm32f0xx_rcc.o(.text)
    RCC_RTCCLKConfig                         0x080020f1   Thumb Code    12  stm32f0xx_rcc.o(.text)
    RCC_RTCCLKCmd                            0x080020fd   Thumb Code    36  stm32f0xx_rcc.o(.text)
    RCC_BackupResetCmd                       0x08002121   Thumb Code    36  stm32f0xx_rcc.o(.text)
    RCC_AHBPeriphClockCmd                    0x08002145   Thumb Code    28  stm32f0xx_rcc.o(.text)
    RCC_APB2PeriphClockCmd                   0x08002161   Thumb Code    28  stm32f0xx_rcc.o(.text)
    RCC_APB1PeriphClockCmd                   0x0800217d   Thumb Code    28  stm32f0xx_rcc.o(.text)
    RCC_AHBPeriphResetCmd                    0x08002199   Thumb Code    28  stm32f0xx_rcc.o(.text)
    RCC_APB2PeriphResetCmd                   0x080021b5   Thumb Code    28  stm32f0xx_rcc.o(.text)
    RCC_APB1PeriphResetCmd                   0x080021d1   Thumb Code    28  stm32f0xx_rcc.o(.text)
    RCC_ITConfig                             0x080021ed   Thumb Code    28  stm32f0xx_rcc.o(.text)
    RCC_ClearFlag                            0x08002209   Thumb Code    16  stm32f0xx_rcc.o(.text)
    RCC_GetITStatus                          0x08002219   Thumb Code    20  stm32f0xx_rcc.o(.text)
    RCC_ClearITPendingBit                    0x0800222d   Thumb Code     6  stm32f0xx_rcc.o(.text)
    Reset_Handler                            0x08002241   Thumb Code     8  startup_stm32f0xx.o(.text)
    ADC1_COMP_IRQHandler                     0x08002253   Thumb Code     0  startup_stm32f0xx.o(.text)
    CEC_IRQHandler                           0x08002253   Thumb Code     0  startup_stm32f0xx.o(.text)
    DMA1_Channel1_IRQHandler                 0x08002253   Thumb Code     0  startup_stm32f0xx.o(.text)
    DMA1_Channel2_3_IRQHandler               0x08002253   Thumb Code     0  startup_stm32f0xx.o(.text)
    DMA1_Channel4_5_IRQHandler               0x08002253   Thumb Code     0  startup_stm32f0xx.o(.text)
    EXTI0_1_IRQHandler                       0x08002253   Thumb Code     0  startup_stm32f0xx.o(.text)
    EXTI2_3_IRQHandler                       0x08002253   Thumb Code     0  startup_stm32f0xx.o(.text)
    EXTI4_15_IRQHandler                      0x08002253   Thumb Code     0  startup_stm32f0xx.o(.text)
    FLASH_IRQHandler                         0x08002253   Thumb Code     0  startup_stm32f0xx.o(.text)
    I2C1_IRQHandler                          0x08002253   Thumb Code     0  startup_stm32f0xx.o(.text)
    I2C2_IRQHandler                          0x08002253   Thumb Code     0  startup_stm32f0xx.o(.text)
    PVD_IRQHandler                           0x08002253   Thumb Code     0  startup_stm32f0xx.o(.text)
    RCC_IRQHandler                           0x08002253   Thumb Code     0  startup_stm32f0xx.o(.text)
    RTC_IRQHandler                           0x08002253   Thumb Code     0  startup_stm32f0xx.o(.text)
    SPI1_IRQHandler                          0x08002253   Thumb Code     0  startup_stm32f0xx.o(.text)
    SPI2_IRQHandler                          0x08002253   Thumb Code     0  startup_stm32f0xx.o(.text)
    TIM14_IRQHandler                         0x08002253   Thumb Code     0  startup_stm32f0xx.o(.text)
    TIM15_IRQHandler                         0x08002253   Thumb Code     0  startup_stm32f0xx.o(.text)
    TIM16_IRQHandler                         0x08002253   Thumb Code     0  startup_stm32f0xx.o(.text)
    TIM17_IRQHandler                         0x08002253   Thumb Code     0  startup_stm32f0xx.o(.text)
    TIM1_BRK_UP_TRG_COM_IRQHandler           0x08002253   Thumb Code     0  startup_stm32f0xx.o(.text)
    TIM1_CC_IRQHandler                       0x08002253   Thumb Code     0  startup_stm32f0xx.o(.text)
    TIM2_IRQHandler                          0x08002253   Thumb Code     0  startup_stm32f0xx.o(.text)
    TIM3_IRQHandler                          0x08002253   Thumb Code     0  startup_stm32f0xx.o(.text)
    TIM6_DAC_IRQHandler                      0x08002253   Thumb Code     0  startup_stm32f0xx.o(.text)
    TS_IRQHandler                            0x08002253   Thumb Code     0  startup_stm32f0xx.o(.text)
    USART1_IRQHandler                        0x08002253   Thumb Code     0  startup_stm32f0xx.o(.text)
    USART2_IRQHandler                        0x08002253   Thumb Code     0  startup_stm32f0xx.o(.text)
    WWDG_IRQHandler                          0x08002253   Thumb Code     0  startup_stm32f0xx.o(.text)
    __aeabi_uidiv                            0x0800225d   Thumb Code     0  uidiv.o(.text)
    __aeabi_uidivmod                         0x0800225d   Thumb Code    44  uidiv.o(.text)
    __scatterload                            0x08002289   Thumb Code    28  init.o(.text)
    __scatterload_rt2                        0x08002289   Thumb Code     0  init.o(.text)
    __scatterload_copy                       0x080022ad   Thumb Code    14  handlers.o(i.__scatterload_copy)
    __scatterload_null                       0x080022bb   Thumb Code     2  handlers.o(i.__scatterload_null)
    __scatterload_zeroinit                   0x080022bd   Thumb Code    14  handlers.o(i.__scatterload_zeroinit)
    ascii                                    0x080022ca   Data        2048  lcd_lib.o(.constdata)
    GB2312                                   0x08002aca   Data         320  lcd_lib.o(.constdata)
    GB3229                                   0x08002c0a   Data         696  lcd_lib.o(.constdata)
    img                                      0x08002ec2   Data           8  lcd_lib.o(.constdata)
    color                                    0x08002ecc   Data          32  ltm022a69b.o(.constdata)
    Region$$Table$$Base                      0x08002eec   Number         0  anon$$obj.o(Region$$Table)
    Region$$Table$$Limit                     0x08002f0c   Number         0  anon$$obj.o(Region$$Table)
    read_res                                 0x20000000   Data           1  main.o(.data)
    SystemCoreClock                          0x20000008   Data           4  system_stm32f0xx.o(.data)
    AHBPrescTable                            0x2000000c   Data          16  system_stm32f0xx.o(.data)
    touch_dot                                0x2000002c   Data          20  touch.o(.bss)
    __initial_sp                             0x20000440   Data           0  startup_stm32f0xx.o(STACK)



==============================================================================

Memory Map of the image

  Image Entry point : 0x080000c1

  Load Region LR_IROM1 (Base: 0x08000000, Size: 0x00002f38, Max: 0x00010000, ABSOLUTE)

    Execution Region ER_IROM1 (Base: 0x08000000, Size: 0x00002f0c, Max: 0x00010000, ABSOLUTE)

    Base Addr    Size         Type   Attr      Idx    E Section Name        Object

    0x08000000   0x000000c0   Data   RO          606    RESET               startup_stm32f0xx.o
    0x080000c0   0x00000000   Code   RO          611  * .ARM.Collect$$$$00000000  mc_p.l(entry.o)
    0x080000c0   0x00000004   Code   RO          616    .ARM.Collect$$$$00000001  mc_p.l(entry2.o)
    0x080000c4   0x00000004   Code   RO          619    .ARM.Collect$$$$00000004  mc_p.l(entry5.o)
    0x080000c8   0x00000000   Code   RO          621    .ARM.Collect$$$$00000008  mc_p.l(entry7b.o)
    0x080000c8   0x00000008   Code   RO          622    .ARM.Collect$$$$00000009  mc_p.l(entry8.o)
    0x080000d0   0x00000004   Code   RO          617    .ARM.Collect$$$$00002712  mc_p.l(entry2.o)
    0x080000d4   0x0000022c   Code   RO            2    .text               main.o
    0x08000300   0x00000012   Code   RO          123    .text               stm32f0xx_it.o
    0x08000312   0x00000002   PAD
    0x08000314   0x00000d00   Code   RO          171    .text               ltm022a69b.o
    0x08001014   0x0000010c   Code   RO          194    .text               user_systick.o
    0x08001120   0x00000308   Code   RO          215    .text               touch.o
    0x08001428   0x000001e0   Code   RO          242    .text               system_stm32f0xx.o
    0x08001608   0x000001e0   Code   RO          264    .text               stm32f0xx_gpio.o
    0x080017e8   0x000003b8   Code   RO          328    .text               stm32f0xx_spi.o
    0x08001ba0   0x000000b4   Code   RO          539    .text               stm32f0xx_misc.o
    0x08001c54   0x000005ec   Code   RO          571    .text               stm32f0xx_rcc.o
    0x08002240   0x0000001c   Code   RO          607    .text               startup_stm32f0xx.o
    0x0800225c   0x0000002c   Code   RO          614    .text               mc_p.l(uidiv.o)
    0x08002288   0x00000024   Code   RO          623    .text               mc_p.l(init.o)
    0x080022ac   0x0000000e   Code   RO          627    i.__scatterload_copy  mc_p.l(handlers.o)
    0x080022ba   0x00000002   Code   RO          628    i.__scatterload_null  mc_p.l(handlers.o)
    0x080022bc   0x0000000e   Code   RO          629    i.__scatterload_zeroinit  mc_p.l(handlers.o)
    0x080022ca   0x00000c00   Data   RO          157    .constdata          lcd_lib.o
    0x08002eca   0x00000002   PAD
    0x08002ecc   0x00000020   Data   RO          172    .constdata          ltm022a69b.o
    0x08002eec   0x00000020   Data   RO          625    Region$$Table       anon$$obj.o


    Execution Region RW_IRAM1 (Base: 0x20000000, Size: 0x00000440, Max: 0x00002000, ABSOLUTE)

    Base Addr    Size         Type   Attr      Idx    E Section Name        Object

    0x20000000   0x00000001   Data   RW            3    .data               main.o
    0x20000001   0x00000003   PAD
    0x20000004   0x00000004   Data   RW          195    .data               user_systick.o
    0x20000008   0x00000014   Data   RW          243    .data               system_stm32f0xx.o
    0x2000001c   0x00000010   Data   RW          572    .data               stm32f0xx_rcc.o
    0x2000002c   0x00000014   Zero   RW          216    .bss                touch.o
    0x20000040   0x00000400   Zero   RW          604    STACK               startup_stm32f0xx.o


==============================================================================

Image component sizes


      Code (inc. data)   RO Data    RW Data    ZI Data      Debug   Object Name

         0          0       3072          0          0        570   lcd_lib.o
      3328        104         32          0          0       9195   ltm022a69b.o
       556        114          0          1          0     112646   main.o
        28          8        192          0       1024        616   startup_stm32f0xx.o
       480         22          0          0          0       3721   stm32f0xx_gpio.o
        18          0          0          0          0        823   stm32f0xx_it.o
       180         14          0          0          0       1352   stm32f0xx_misc.o
      1516         44          0         16          0       8550   stm32f0xx_rcc.o
       952         42          0          0          0       7727   stm32f0xx_spi.o
       480         34          0         20          0       1671   system_stm32f0xx.o
       776         30          0          0         20       3984   touch.o
       268         24          0          4          0       6981   user_systick.o

    ----------------------------------------------------------------------
      8584        436       3330         44       1044     157836   Object Totals
         0          0         32          0          0          0   (incl. Generated)
         2          0          2          3          0          0   (incl. Padding)

    ----------------------------------------------------------------------

      Code (inc. data)   RO Data    RW Data    ZI Data      Debug   Library Member Name

         0          0          0          0          0          0   entry.o
         8          4          0          0          0          0   entry2.o
         4          0          0          0          0          0   entry5.o
         0          0          0          0          0          0   entry7b.o
         8          4          0          0          0          0   entry8.o
        30          0          0          0          0          0   handlers.o
        36          8          0          0          0         68   init.o
        44          0          0          0          0         72   uidiv.o

    ----------------------------------------------------------------------
       130         16          0          0          0        140   Library Totals
         0          0          0          0          0          0   (incl. Padding)

    ----------------------------------------------------------------------

      Code (inc. data)   RO Data    RW Data    ZI Data      Debug   Library Name

       130         16          0          0          0        140   mc_p.l

    ----------------------------------------------------------------------
       130         16          0          0          0        140   Library Totals

    ----------------------------------------------------------------------

==============================================================================


      Code (inc. data)   RO Data    RW Data    ZI Data      Debug   

      8714        452       3330         44       1044     157264   Grand Totals
      8714        452       3330         44       1044     157264   ELF Image Totals
      8714        452       3330         44          0          0   ROM Totals

==============================================================================

    Total RO  Size (Code + RO Data)                12044 (  11.76kB)
    Total RW  Size (RW Data + ZI Data)              1088 (   1.06kB)
    Total ROM Size (Code + RO Data + RW Data)      12088 (  11.80kB)

==============================================================================

